Component: ARM Compiler 5.06 update 6 (build 750) Tool: armlink [4d35ed]

==============================================================================

Section Cross References

    startup_stm32f401xe.o(RESET) refers to startup_stm32f401xe.o(STACK) for __initial_sp
    startup_stm32f401xe.o(RESET) refers to startup_stm32f401xe.o(.text) for Reset_Handler
    startup_stm32f401xe.o(RESET) refers to stm32f4xx_it.o(i.NMI_Handler) for NMI_Handler
    startup_stm32f401xe.o(RESET) refers to stm32f4xx_it.o(i.HardFault_Handler) for HardFault_Handler
    startup_stm32f401xe.o(RESET) refers to stm32f4xx_it.o(i.MemManage_Handler) for MemManage_Handler
    startup_stm32f401xe.o(RESET) refers to stm32f4xx_it.o(i.BusFault_Handler) for BusFault_Handler
    startup_stm32f401xe.o(RESET) refers to stm32f4xx_it.o(i.UsageFault_Handler) for UsageFault_Handler
    startup_stm32f401xe.o(RESET) refers to stm32f4xx_it.o(i.SVC_Handler) for SVC_Handler
    startup_stm32f401xe.o(RESET) refers to stm32f4xx_it.o(i.DebugMon_Handler) for DebugMon_Handler
    startup_stm32f401xe.o(RESET) refers to stm32f4xx_it.o(i.PendSV_Handler) for PendSV_Handler
    startup_stm32f401xe.o(RESET) refers to stm32f4xx_it.o(i.SysTick_Handler) for SysTick_Handler
    startup_stm32f401xe.o(RESET) refers to stm32f4xx_it.o(i.EXTI0_IRQHandler) for EXTI0_IRQHandler
    startup_stm32f401xe.o(.text) refers to system_stm32f4xx.o(i.SystemInit) for SystemInit
    startup_stm32f401xe.o(.text) refers to entry.o(.ARM.Collect$$$$00000000) for __main
    main.o(i.MX_GPIO_Init) refers to memseta.o(.text) for __aeabi_memclr4
    main.o(i.MX_GPIO_Init) refers to stm32f4xx_hal_gpio.o(i.HAL_GPIO_WritePin) for HAL_GPIO_WritePin
    main.o(i.MX_GPIO_Init) refers to stm32f4xx_hal_gpio.o(i.HAL_GPIO_Init) for HAL_GPIO_Init
    main.o(i.MX_GPIO_Init) refers to stm32f4xx_hal_cortex.o(i.HAL_NVIC_SetPriority) for HAL_NVIC_SetPriority
    main.o(i.MX_GPIO_Init) refers to stm32f4xx_hal_cortex.o(i.HAL_NVIC_EnableIRQ) for HAL_NVIC_EnableIRQ
    main.o(i.SystemClock_Config) refers to memseta.o(.text) for __aeabi_memclr4
    main.o(i.SystemClock_Config) refers to stm32f4xx_hal_rcc.o(i.HAL_RCC_OscConfig) for HAL_RCC_OscConfig
    main.o(i.SystemClock_Config) refers to stm32f4xx_hal_rcc.o(i.HAL_RCC_ClockConfig) for HAL_RCC_ClockConfig
    main.o(i.main) refers to stm32f4xx_hal.o(i.HAL_Init) for HAL_Init
    main.o(i.main) refers to main.o(i.SystemClock_Config) for SystemClock_Config
    main.o(i.main) refers to main.o(i.MX_GPIO_Init) for MX_GPIO_Init
    main.o(i.main) refers to app_x-cube-ble1.o(i.MX_X_CUBE_BLE1_Init) for MX_X_CUBE_BLE1_Init
    main.o(i.main) refers to app_x-cube-ble1.o(i.MX_X_CUBE_BLE1_Process) for MX_X_CUBE_BLE1_Process
    hci_tl_interface.o(i.HCI_TL_SPI_DeInit) refers to stm32f4xx_hal_gpio.o(i.HAL_GPIO_DeInit) for HAL_GPIO_DeInit
    hci_tl_interface.o(i.HCI_TL_SPI_Init) refers to stm32f4xx_hal_gpio.o(i.HAL_GPIO_Init) for HAL_GPIO_Init
    hci_tl_interface.o(i.HCI_TL_SPI_Init) refers to nucleo_f401re_bus.o(i.BSP_SPI1_Init) for BSP_SPI1_Init
    hci_tl_interface.o(i.HCI_TL_SPI_Receive) refers to stm32f4xx_hal_gpio.o(i.HAL_GPIO_WritePin) for HAL_GPIO_WritePin
    hci_tl_interface.o(i.HCI_TL_SPI_Receive) refers to nucleo_f401re_bus.o(i.BSP_SPI1_SendRecv) for BSP_SPI1_SendRecv
    hci_tl_interface.o(i.HCI_TL_SPI_Reset) refers to stm32f4xx_hal_gpio.o(i.HAL_GPIO_WritePin) for HAL_GPIO_WritePin
    hci_tl_interface.o(i.HCI_TL_SPI_Reset) refers to stm32f4xx_hal.o(i.HAL_Delay) for HAL_Delay
    hci_tl_interface.o(i.HCI_TL_SPI_Send) refers to stm32f4xx_hal.o(i.HAL_GetTick) for HAL_GetTick
    hci_tl_interface.o(i.HCI_TL_SPI_Send) refers to stm32f4xx_hal_gpio.o(i.HAL_GPIO_WritePin) for HAL_GPIO_WritePin
    hci_tl_interface.o(i.HCI_TL_SPI_Send) refers to nucleo_f401re_bus.o(i.BSP_SPI1_SendRecv) for BSP_SPI1_SendRecv
    hci_tl_interface.o(i.HCI_TL_SPI_Send) refers to hci_tl_interface.o(.bss) for .bss
    hci_tl_interface.o(i.hci_tl_lowlevel_init) refers to hci_tl.o(i.hci_register_io_bus) for hci_register_io_bus
    hci_tl_interface.o(i.hci_tl_lowlevel_init) refers to stm32f4xx_hal_exti.o(i.HAL_EXTI_GetHandle) for HAL_EXTI_GetHandle
    hci_tl_interface.o(i.hci_tl_lowlevel_init) refers to stm32f4xx_hal_exti.o(i.HAL_EXTI_RegisterCallback) for HAL_EXTI_RegisterCallback
    hci_tl_interface.o(i.hci_tl_lowlevel_init) refers to stm32f4xx_hal_cortex.o(i.HAL_NVIC_SetPriority) for HAL_NVIC_SetPriority
    hci_tl_interface.o(i.hci_tl_lowlevel_init) refers to stm32f4xx_hal_cortex.o(i.HAL_NVIC_EnableIRQ) for HAL_NVIC_EnableIRQ
    hci_tl_interface.o(i.hci_tl_lowlevel_init) refers to hci_tl_interface.o(i.HCI_TL_SPI_Init) for HCI_TL_SPI_Init
    hci_tl_interface.o(i.hci_tl_lowlevel_init) refers to hci_tl_interface.o(i.HCI_TL_SPI_DeInit) for HCI_TL_SPI_DeInit
    hci_tl_interface.o(i.hci_tl_lowlevel_init) refers to hci_tl_interface.o(i.HCI_TL_SPI_Send) for HCI_TL_SPI_Send
    hci_tl_interface.o(i.hci_tl_lowlevel_init) refers to hci_tl_interface.o(i.HCI_TL_SPI_Receive) for HCI_TL_SPI_Receive
[...]
    Removing bluenrg_gatt_aci.o(i.aci_gatt_allow_read), (70 bytes).
    Removing bluenrg_gatt_aci.o(i.aci_gatt_confirm_indication), (70 bytes).
    Removing bluenrg_gatt_aci.o(i.aci_gatt_del_char), (74 bytes).
    Removing bluenrg_gatt_aci.o(i.aci_gatt_del_include_service), (74 bytes).
    Removing bluenrg_gatt_aci.o(i.aci_gatt_del_service), (70 bytes).
    Removing bluenrg_gatt_aci.o(i.aci_gatt_disc_all_charac_descriptors), (82 bytes).
    Removing bluenrg_gatt_aci.o(i.aci_gatt_disc_all_charac_of_serv), (82 bytes).
    Removing bluenrg_gatt_aci.o(i.aci_gatt_disc_all_prim_services), (74 bytes).
    Removing bluenrg_gatt_aci.o(i.aci_gatt_disc_prim_service_by_uuid), (100 bytes).
    Removing bluenrg_gatt_aci.o(i.aci_gatt_exchange_configuration), (74 bytes).
    Removing bluenrg_gatt_aci.o(i.aci_gatt_find_included_services), (82 bytes).
    Removing bluenrg_gatt_aci.o(i.aci_gatt_include_service), (140 bytes).
    Removing bluenrg_gatt_aci.o(i.aci_gatt_read_charac_desc), (78 bytes).
    Removing bluenrg_gatt_aci.o(i.aci_gatt_read_charac_val), (78 bytes).
    Removing bluenrg_gatt_aci.o(i.aci_gatt_read_handle_value), (110 bytes).
    Removing bluenrg_gatt_aci.o(i.aci_gatt_read_handle_value_offset_IDB05A1), (114 bytes).
    Removing bluenrg_gatt_aci.o(i.aci_gatt_read_long_charac_desc), (82 bytes).
    Removing bluenrg_gatt_aci.o(i.aci_gatt_read_long_charac_val), (82 bytes).
    Removing bluenrg_gatt_aci.o(i.aci_gatt_read_multiple_charac_val), (108 bytes).
    Removing bluenrg_gatt_aci.o(i.aci_gatt_read_using_charac_uuid), (104 bytes).
    Removing bluenrg_gatt_aci.o(i.aci_gatt_set_desc_value), (144 bytes).
    Removing bluenrg_gatt_aci.o(i.aci_gatt_set_event_mask), (68 bytes).
    Removing bluenrg_gatt_aci.o(i.aci_gatt_set_security_permission), (78 bytes).
    Removing bluenrg_gatt_aci.o(i.aci_gatt_signed_write_without_resp), (98 bytes).
    Removing bluenrg_gatt_aci.o(i.aci_gatt_update_char_value_ext_IDB05A1), (116 bytes).
    Removing bluenrg_gatt_aci.o(i.aci_gatt_write_charac_reliable), (108 bytes).
    Removing bluenrg_gatt_aci.o(i.aci_gatt_write_charac_value), (120 bytes).
    Removing bluenrg_gatt_aci.o(i.aci_gatt_write_long_charac_desc), (108 bytes).
    Removing bluenrg_gatt_aci.o(i.aci_gatt_write_long_charac_val), (108 bytes).
    Removing bluenrg_gatt_aci.o(i.aci_gatt_write_response), (128 bytes).
    Removing bluenrg_hal_aci.o(.rev16_text), (4 bytes).
    Removing bluenrg_hal_aci.o(.revsh_text), (4 bytes).
    Removing bluenrg_hal_aci.o(.rrx_text), (6 bytes).
    Removing bluenrg_hal_aci.o(i.aci_hal_device_standby), (56 bytes).
    Removing bluenrg_hal_aci.o(i.aci_hal_get_anchor_period), (78 bytes).
    Removing bluenrg_hal_aci.o(i.aci_hal_get_fw_build_number), (70 bytes).
    Removing bluenrg_hal_aci.o(i.aci_hal_get_link_status), (98 bytes).
    Removing bluenrg_hal_aci.o(i.aci_hal_le_tx_test_packet_number), (70 bytes).
    Removing bluenrg_hal_aci.o(i.aci_hal_read_config_data), (102 bytes).
    Removing bluenrg_hal_aci.o(i.aci_hal_tone_start), (66 bytes).
    Removing bluenrg_hal_aci.o(i.aci_hal_tone_stop), (56 bytes).
    Removing bluenrg_l2cap_aci.o(.rev16_text), (4 bytes).
    Removing bluenrg_l2cap_aci.o(.revsh_text), (4 bytes).
    Removing bluenrg_l2cap_aci.o(.rrx_text), (6 bytes).
    Removing bluenrg_l2cap_aci.o(i.aci_l2cap_connection_parameter_update_request), (92 bytes).
    Removing bluenrg_l2cap_aci.o(i.aci_l2cap_connection_parameter_update_response_IDB04A1), (102 bytes).
    Removing bluenrg_l2cap_aci.o(i.aci_l2cap_connection_parameter_update_response_IDB05A1), (110 bytes).
    Removing bluenrg_updater_aci.o(.rev16_text), (4 bytes).
    Removing bluenrg_updater_aci.o(.revsh_text), (4 bytes).
    Removing bluenrg_updater_aci.o(.rrx_text), (6 bytes).
    Removing bluenrg_updater_aci.o(i.aci_erase_blue_flag), (56 bytes).
    Removing bluenrg_updater_aci.o(i.aci_get_updater_buffer_size), (68 bytes).
    Removing bluenrg_updater_aci.o(i.aci_get_updater_version), (68 bytes).
    Removing bluenrg_updater_aci.o(i.aci_reset_blue_flag), (56 bytes).
    Removing bluenrg_updater_aci.o(i.aci_updater_calc_crc), (82 bytes).
    Removing bluenrg_updater_aci.o(i.aci_updater_erase_sector), (66 bytes).
    Removing bluenrg_updater_aci.o(i.aci_updater_hw_version), (68 bytes).
    Removing bluenrg_updater_aci.o(i.aci_updater_program_data_block), (92 bytes).
    Removing bluenrg_updater_aci.o(i.aci_updater_read_data_block), (92 bytes).
    Removing bluenrg_updater_aci.o(i.aci_updater_reboot), (54 bytes).
    Removing bluenrg_updater_aci.o(i.aci_updater_start), (54 bytes).
    Removing bluenrg_utils_small.o(.rev16_text), (4 bytes).
    Removing bluenrg_utils_small.o(.revsh_text), (4 bytes).
    Removing bluenrg_utils_small.o(.rrx_text), (6 bytes).
    Removing hci_tl.o(.rev16_text), (4 bytes).
    Removing hci_tl.o(.revsh_text), (4 bytes).
    Removing hci_tl.o(.rrx_text), (6 bytes).
    Removing hci_le.o(.rev16_text), (4 bytes).
    Removing hci_le.o(.revsh_text), (4 bytes).
    Removing hci_le.o(.rrx_text), (6 bytes).
    Removing hci_le.o(i.hci_disconnect), (74 bytes).
    Removing hci_le.o(i.hci_le_add_device_to_white_list), (80 bytes).
    Removing hci_le.o(i.hci_le_clear_white_list), (56 bytes).
    Removing hci_le.o(i.hci_le_create_connection), (168 bytes).
    Removing hci_le.o(i.hci_le_create_connection_cancel), (56 bytes).
    Removing hci_le.o(i.hci_le_encrypt), (114 bytes).
    Removing hci_le.o(i.hci_le_ltk_request_neg_reply), (74 bytes).
    Removing hci_le.o(i.hci_le_ltk_request_reply), (84 bytes).
    Removing hci_le.o(i.hci_le_rand), (88 bytes).
    Removing hci_le.o(i.hci_le_read_advertising_channel_tx_power), (78 bytes).
    Removing hci_le.o(i.hci_le_read_buffer_size), (86 bytes).
    Removing hci_le.o(i.hci_le_read_channel_map), (92 bytes).
    Removing hci_le.o(i.hci_le_read_local_supported_features), (84 bytes).
    Removing hci_le.o(i.hci_le_read_supported_states), (84 bytes).
    Removing hci_le.o(i.hci_le_read_white_list_size), (74 bytes).
    Removing hci_le.o(i.hci_le_receiver_test), (66 bytes).
    Removing hci_le.o(i.hci_le_remove_device_from_white_list), (80 bytes).
    Removing hci_le.o(i.hci_le_set_advertise_enable), (74 bytes).
    Removing hci_le.o(i.hci_le_set_advertising_data), (94 bytes).
    Removing hci_le.o(i.hci_le_set_advertising_parameters), (134 bytes).
    Removing hci_le.o(i.hci_le_set_random_address), (80 bytes).
    Removing hci_le.o(i.hci_le_set_scan_enable), (80 bytes).
    Removing hci_le.o(i.hci_le_set_scan_parameters), (92 bytes).
    Removing hci_le.o(i.hci_le_test_end), (74 bytes).
    Removing hci_le.o(i.hci_le_transmitter_test), (76 bytes).
    Removing hci_le.o(i.hci_read_bd_addr), (86 bytes).
    Removing hci_le.o(i.hci_read_rssi), (94 bytes).
    Removing hci_le.o(i.hci_read_transmit_power_level), (98 bytes).
    Removing ble_list.o(.rev16_text), (4 bytes).
    Removing ble_list.o(.revsh_text), (4 bytes).
    Removing ble_list.o(.rrx_text), (6 bytes).
    Removing ble_list.o(i.list_get_next_node), (16 bytes).
    Removing ble_list.o(i.list_get_prev_node), (16 bytes).
    Removing ble_list.o(i.list_insert_node_after), (24 bytes).
    Removing ble_list.o(i.list_insert_node_before), (24 bytes).
    Removing dadd.o(.text), (334 bytes).
    Removing dmul.o(.text), (228 bytes).
    Removing ddiv.o(.text), (222 bytes).
    Removing dfixul.o(.text), (48 bytes).
    Removing cdrcmple.o(.text), (48 bytes).
    Removing depilogue.o(.text), (186 bytes).

477 unused section(s) (total 29984 bytes) removed from the image.

==============================================================================

Image Symbol Table

    Local Symbols

    Symbol Name                              Value     Ov Type        Size  Object(Section)

    ../Drivers/STM32F4xx_HAL_Driver/Src/stm32f4xx_hal.c 0x00000000   Number         0  stm32f4xx_hal.o ABSOLUTE
    ../Drivers/STM32F4xx_HAL_Driver/Src/stm32f4xx_hal_cortex.c 0x00000000   Number         0  stm32f4xx_hal_cortex.o ABSOLUTE
    ../Drivers/STM32F4xx_HAL_Driver/Src/stm32f4xx_hal_dma.c 0x00000000   Number         0  stm32f4xx_hal_dma.o ABSOLUTE
    ../Drivers/STM32F4xx_HAL_Driver/Src/stm32f4xx_hal_dma_ex.c 0x00000000   Number         0  stm32f4xx_hal_dma_ex.o ABSOLUTE
    ../Drivers/STM32F4xx_HAL_Driver/Src/stm32f4xx_hal_flash.c 0x00000000   Number         0  stm32f4xx_hal_flash.o ABSOLUTE
    ../Drivers/STM32F4xx_HAL_Driver/Src/stm32f4xx_hal_flash_ex.c 0x00000000   Number         0  stm32f4xx_hal_flash_ex.o ABSOLUTE
    ../Drivers/STM32F4xx_HAL_Driver/Src/stm32f4xx_hal_flash_ramfunc.c 0x00000000   Number         0  stm32f4xx_hal_flash_ramfunc.o ABSOLUTE
    ../Drivers/STM32F4xx_HAL_Driver/Src/stm32f4xx_hal_gpio.c 0x00000000   Number         0  stm32f4xx_hal_gpio.o ABSOLUTE
    ../Drivers/STM32F4xx_HAL_Driver/Src/stm32f4xx_hal_pwr.c 0x00000000   Number         0  stm32f4xx_hal_pwr.o ABSOLUTE
    ../Drivers/STM32F4xx_HAL_Driver/Src/stm32f4xx_hal_pwr_ex.c 0x00000000   Number         0  stm32f4xx_hal_pwr_ex.o ABSOLUTE
    ../Drivers/STM32F4xx_HAL_Driver/Src/stm32f4xx_hal_rcc.c 0x00000000   Number         0  stm32f4xx_hal_rcc.o ABSOLUTE
    ../Drivers/STM32F4xx_HAL_Driver/Src/stm32f4xx_hal_rcc_ex.c 0x00000000   Number         0  stm32f4xx_hal_rcc_ex.o ABSOLUTE
    ../Drivers/STM32F4xx_HAL_Driver/Src/stm32f4xx_hal_spi.c 0x00000000   Number         0  stm32f4xx_hal_spi.o ABSOLUTE
    ../Drivers/STM32F4xx_HAL_Driver/Src/stm32f4xx_hal_tim.c 0x00000000   Number         0  stm32f4xx_hal_tim.o ABSOLUTE
    ../Drivers/STM32F4xx_HAL_Driver/Src/stm32f4xx_hal_tim_ex.c 0x00000000   Number         0  stm32f4xx_hal_tim_ex.o ABSOLUTE
    ../Drivers/STM32F4xx_HAL_Driver/Src/stm32f4xx_hal_uart.c 0x00000000   Number         0  stm32f4xx_hal_uart.o ABSOLUTE
    ../Middlewares/ST/BlueNRG-MS/hci/controller/bluenrg_IFR.c 0x00000000   Number         0  bluenrg_ifr.o ABSOLUTE
    ../Middlewares/ST/BlueNRG-MS/hci/controller/bluenrg_gap_aci.c 0x00000000   Number         0  bluenrg_gap_aci.o ABSOLUTE
    ../Middlewares/ST/BlueNRG-MS/hci/controller/bluenrg_gatt_aci.c 0x00000000   Number         0  bluenrg_gatt_aci.o ABSOLUTE
    ../Middlewares/ST/BlueNRG-MS/hci/controller/bluenrg_hal_aci.c 0x00000000   Number         0  bluenrg_hal_aci.o ABSOLUTE
    ../Middlewares/ST/BlueNRG-MS/hci/controller/bluenrg_l2cap_aci.c 0x00000000   Number         0  bluenrg_l2cap_aci.o ABSOLUTE
    ../Middlewares/ST/BlueNRG-MS/hci/controller/bluenrg_updater_aci.c 0x00000000   Number         0  bluenrg_updater_aci.o ABSOLUTE
    ../Middlewares/ST/BlueNRG-MS/hci/controller/bluenrg_utils_small.c 0x00000000   Number         0  bluenrg_utils_small.o ABSOLUTE
    ../Middlewares/ST/BlueNRG-MS/hci/hci_le.c 0x00000000   Number         0  hci_le.o ABSOLUTE
    ../Middlewares/ST/BlueNRG-MS/hci/hci_tl_patterns/Basic/hci_tl.c 0x00000000   Number         0  hci_tl.o ABSOLUTE
    ../Middlewares/ST/BlueNRG-MS/utils/ble_list.c 0x00000000   Number         0  ble_list.o ABSOLUTE
    ../Src/app_x-cube-ble1.c                 0x00000000   Number         0  app_x-cube-ble1.o ABSOLUTE
    ../Src/hci_tl_interface.c                0x00000000   Number         0  hci_tl_interface.o ABSOLUTE
    ../Src/main.c                            0x00000000   Number         0  main.o ABSOLUTE
    ../Src/nucleo_f401re_bus.c               0x00000000   Number         0  nucleo_f401re_bus.o ABSOLUTE
    ../Src/sample_service.c                  0x00000000   Number         0  sample_service.o ABSOLUTE
    ../Src/stm32f4_nucleo_f401re.c           0x00000000   Number         0  stm32f4_nucleo_f401re.o ABSOLUTE
    ../Src/stm32f4xx_hal_exti.c              0x00000000   Number         0  stm32f4xx_hal_exti.o ABSOLUTE
    ../Src/stm32f4xx_hal_msp.c               0x00000000   Number         0  stm32f4xx_hal_msp.o ABSOLUTE
    ../Src/stm32f4xx_it.c                    0x00000000   Number         0  stm32f4xx_it.o ABSOLUTE
    ../Src/system_stm32f4xx.c                0x00000000   Number         0  system_stm32f4xx.o ABSOLUTE
    ../clib/microlib/division.c              0x00000000   Number         0  uidiv.o ABSOLUTE
    ../clib/microlib/division.c              0x00000000   Number         0  uldiv.o ABSOLUTE
    ../clib/microlib/init/entry.s            0x00000000   Number         0  entry9b.o ABSOLUTE
    ../clib/microlib/init/entry.s            0x00000000   Number         0  entry10a.o ABSOLUTE
    ../clib/microlib/init/entry.s            0x00000000   Number         0  entry10b.o ABSOLUTE
    ../clib/microlib/init/entry.s            0x00000000   Number         0  entry11a.o ABSOLUTE
    ../clib/microlib/init/entry.s            0x00000000   Number         0  entry.o ABSOLUTE
    ../clib/microlib/init/entry.s            0x00000000   Number         0  entry5.o ABSOLUTE
    ../clib/microlib/init/entry.s            0x00000000   Number         0  entry11b.o ABSOLUTE
    ../clib/microlib/init/entry.s            0x00000000   Number         0  entry7a.o ABSOLUTE
    ../clib/microlib/init/entry.s            0x00000000   Number         0  entry7b.o ABSOLUTE
    ../clib/microlib/init/entry.s            0x00000000   Number         0  entry8a.o ABSOLUTE
    ../clib/microlib/init/entry.s            0x00000000   Number         0  entry2.o ABSOLUTE
    ../clib/microlib/init/entry.s            0x00000000   Number         0  entry8b.o ABSOLUTE
    ../clib/microlib/init/entry.s            0x00000000   Number         0  entry9a.o ABSOLUTE
    ../clib/microlib/longlong.c              0x00000000   Number         0  llshl.o ABSOLUTE
    ../clib/microlib/longlong.c              0x00000000   Number         0  llsshr.o ABSOLUTE
    ../clib/microlib/longlong.c              0x00000000   Number         0  llushr.o ABSOLUTE
    ../clib/microlib/printf/printf.c         0x00000000   Number         0  printf7.o ABSOLUTE
    ../clib/microlib/printf/printf.c         0x00000000   Number         0  printf6.o ABSOLUTE
    ../clib/microlib/printf/printf.c         0x00000000   Number         0  printf1.o ABSOLUTE
    ../clib/microlib/printf/printf.c         0x00000000   Number         0  printf5.o ABSOLUTE
    ../clib/microlib/printf/printf.c         0x00000000   Number         0  printf0.o ABSOLUTE
    ../clib/microlib/printf/printf.c         0x00000000   Number         0  printfb.o ABSOLUTE
    ../clib/microlib/printf/printf.c         0x00000000   Number         0  printf2.o ABSOLUTE
    ../clib/microlib/printf/printf.c         0x00000000   Number         0  printf3.o ABSOLUTE
    ../clib/microlib/printf/printf.c         0x00000000   Number         0  printf4.o ABSOLUTE
    ../clib/microlib/printf/printf.c         0x00000000   Number         0  printfa.o ABSOLUTE
    ../clib/microlib/printf/printf.c         0x00000000   Number         0  printf8.o ABSOLUTE
    ../clib/microlib/printf/stubs.s          0x00000000   Number         0  stubs.o ABSOLUTE
    ../clib/microlib/stdio/streams.c         0x00000000   Number         0  stdout.o ABSOLUTE
    ../clib/microlib/string/memcpy.c         0x00000000   Number         0  memcpyb.o ABSOLUTE
    ../clib/microlib/string/memcpy.c         0x00000000   Number         0  memcpya.o ABSOLUTE
    ../clib/microlib/string/memset.c         0x00000000   Number         0  memseta.o ABSOLUTE
    ../clib/microlib/stubs.s                 0x00000000   Number         0  iusefp.o ABSOLUTE
    ../fplib/microlib/fpadd.c                0x00000000   Number         0  dadd.o ABSOLUTE
    ../fplib/microlib/fpdiv.c                0x00000000   Number         0  ddiv.o ABSOLUTE
    ../fplib/microlib/fpepilogue.c           0x00000000   Number         0  depilogue.o ABSOLUTE
    ../fplib/microlib/fpfix.c                0x00000000   Number         0  dfixul.o ABSOLUTE
    ../fplib/microlib/fpmul.c                0x00000000   Number         0  dmul.o ABSOLUTE
    ..\Drivers\STM32F4xx_HAL_Driver\Src\stm32f4xx_hal.c 0x00000000   Number         0  stm32f4xx_hal.o ABSOLUTE
    ..\Drivers\STM32F4xx_HAL_Driver\Src\stm32f4xx_hal_cortex.c 0x00000000   Number         0  stm32f4xx_hal_cortex.o ABSOLUTE
    ..\Drivers\STM32F4xx_HAL_Driver\Src\stm32f4xx_hal_dma.c 0x00000000   Number         0  stm32f4xx_hal_dma.o ABSOLUTE
    ..\Drivers\STM32F4xx_HAL_Driver\Src\stm32f4xx_hal_dma_ex.c 0x00000000   Number         0  stm32f4xx_hal_dma_ex.o ABSOLUTE
    ..\Drivers\STM32F4xx_HAL_Driver\Src\stm32f4xx_hal_flash.c 0x00000000   Number         0  stm32f4xx_hal_flash.o ABSOLUTE
    ..\Drivers\STM32F4xx_HAL_Driver\Src\stm32f4xx_hal_flash_ex.c 0x00000000   Number         0  stm32f4xx_hal_flash_ex.o ABSOLUTE
    ..\Drivers\STM32F4xx_HAL_Driver\Src\stm32f4xx_hal_flash_ramfunc.c 0x00000000   Number         0  stm32f4xx_hal_flash_ramfunc.o ABSOLUTE
    ..\Drivers\STM32F4xx_HAL_Driver\Src\stm32f4xx_hal_gpio.c 0x00000000   Number         0  stm32f4xx_hal_gpio.o ABSOLUTE
    ..\Drivers\STM32F4xx_HAL_Driver\Src\stm32f4xx_hal_pwr.c 0x00000000   Number         0  stm32f4xx_hal_pwr.o ABSOLUTE
    ..\Drivers\STM32F4xx_HAL_Driver\Src\stm32f4xx_hal_pwr_ex.c 0x00000000   Number         0  stm32f4xx_hal_pwr_ex.o ABSOLUTE
    ..\Drivers\STM32F4xx_HAL_Driver\Src\stm32f4xx_hal_rcc.c 0x00000000   Number         0  stm32f4xx_hal_rcc.o ABSOLUTE
    ..\Drivers\STM32F4xx_HAL_Driver\Src\stm32f4xx_hal_rcc_ex.c 0x00000000   Number         0  stm32f4xx_hal_rcc_ex.o ABSOLUTE
    ..\Drivers\STM32F4xx_HAL_Driver\Src\stm32f4xx_hal_spi.c 0x00000000   Number         0  stm32f4xx_hal_spi.o ABSOLUTE
    ..\Drivers\STM32F4xx_HAL_Driver\Src\stm32f4xx_hal_tim.c 0x00000000   Number         0  stm32f4xx_hal_tim.o ABSOLUTE
    ..\Drivers\STM32F4xx_HAL_Driver\Src\stm32f4xx_hal_tim_ex.c 0x00000000   Number         0  stm32f4xx_hal_tim_ex.o ABSOLUTE
    ..\Drivers\STM32F4xx_HAL_Driver\Src\stm32f4xx_hal_uart.c 0x00000000   Number         0  stm32f4xx_hal_uart.o ABSOLUTE
    ..\Middlewares\ST\BlueNRG-MS\hci\controller\bluenrg_gap_aci.c 0x00000000   Number         0  bluenrg_gap_aci.o ABSOLUTE
    ..\Middlewares\ST\BlueNRG-MS\hci\controller\bluenrg_gatt_aci.c 0x00000000   Number         0  bluenrg_gatt_aci.o ABSOLUTE
    ..\Middlewares\ST\BlueNRG-MS\hci\controller\bluenrg_hal_aci.c 0x00000000   Number         0  bluenrg_hal_aci.o ABSOLUTE
    ..\Middlewares\ST\BlueNRG-MS\hci\controller\bluenrg_l2cap_aci.c 0x00000000   Number         0  bluenrg_l2cap_aci.o ABSOLUTE
    ..\Middlewares\ST\BlueNRG-MS\hci\controller\bluenrg_updater_aci.c 0x00000000   Number         0  bluenrg_updater_aci.o ABSOLUTE
    ..\Middlewares\ST\BlueNRG-MS\hci\controller\bluenrg_utils_small.c 0x00000000   Number         0  bluenrg_utils_small.o ABSOLUTE
    ..\Middlewares\ST\BlueNRG-MS\hci\hci_le.c 0x00000000   Number         0  hci_le.o ABSOLUTE
    ..\Middlewares\ST\BlueNRG-MS\hci\hci_tl_patterns\Basic\hci_tl.c 0x00000000   Number         0  hci_tl.o ABSOLUTE
    ..\Middlewares\ST\BlueNRG-MS\utils\ble_list.c 0x00000000   Number         0  ble_list.o ABSOLUTE
    ..\Src\app_x-cube-ble1.c                 0x00000000   Number         0  app_x-cube-ble1.o ABSOLUTE
    ..\Src\hci_tl_interface.c                0x00000000   Number         0  hci_tl_interface.o ABSOLUTE
    ..\Src\main.c                            0x00000000   Number         0  main.o ABSOLUTE
    ..\Src\nucleo_f401re_bus.c               0x00000000   Number         0  nucleo_f401re_bus.o ABSOLUTE
    ..\Src\sample_service.c                  0x00000000   Number         0  sample_service.o ABSOLUTE
    ..\Src\stm32f4_nucleo_f401re.c           0x00000000   Number         0  stm32f4_nucleo_f401re.o ABSOLUTE
    ..\Src\stm32f4xx_hal_exti.c              0x00000000   Number         0  stm32f4xx_hal_exti.o ABSOLUTE
    ..\Src\stm32f4xx_hal_msp.c               0x00000000   Number         0  stm32f4xx_hal_msp.o ABSOLUTE
    ..\Src\stm32f4xx_it.c                    0x00000000   Number         0  stm32f4xx_it.o ABSOLUTE
    ..\Src\system_stm32f4xx.c                0x00000000   Number         0  system_stm32f4xx.o ABSOLUTE
    cdrcmple.s                               0x00000000   Number         0  cdrcmple.o ABSOLUTE
    dc.s                                     0x00000000   Number         0  dc.o ABSOLUTE
    handlers.s                               0x00000000   Number         0  handlers.o ABSOLUTE
    init.s                                   0x00000000   Number         0  init.o ABSOLUTE
    startup_stm32f401xe.s                    0x00000000   Number         0  startup_stm32f401xe.o ABSOLUTE
    RESET                                    0x08000000   Section      404  startup_stm32f401xe.o(RESET)
    .ARM.Collect$$$$00000000                 0x08000194   Section        0  entry.o(.ARM.Collect$$$$00000000)
    .ARM.Collect$$$$00000001                 0x08000194   Section        4  entry2.o(.ARM.Collect$$$$00000001)
    .ARM.Collect$$$$00000004                 0x08000198   Section        4  entry5.o(.ARM.Collect$$$$00000004)
    .ARM.Collect$$$$00000008                 0x0800019c   Section        0  entry7b.o(.ARM.Collect$$$$00000008)
    .ARM.Collect$$$$0000000A                 0x0800019c   Section        0  entry8b.o(.ARM.Collect$$$$0000000A)
    .ARM.Collect$$$$0000000B                 0x0800019c   Section        8  entry9a.o(.ARM.Collect$$$$0000000B)
    .ARM.Collect$$$$0000000D                 0x080001a4   Section        0  entry10a.o(.ARM.Collect$$$$0000000D)
    .ARM.Collect$$$$0000000F                 0x080001a4   Section        0  entry11a.o(.ARM.Collect$$$$0000000F)
    .ARM.Collect$$$$00002712                 0x080001a4   Section        4  entry2.o(.ARM.Collect$$$$00002712)
    __lit__00000000                          0x080001a4   Data           4  entry2.o(.ARM.Collect$$$$00002712)
    .text                                    0x080001a8   Section       36  startup_stm32f401xe.o(.text)
    $v0                                      0x080001a8   Number         0  startup_stm32f401xe.o(.text)
    .text                                    0x080001cc   Section        0  uldiv.o(.text)
    .text                                    0x0800022e   Section        0  memcpya.o(.text)
    .text                                    0x08000252   Section        0  memseta.o(.text)
    .text                                    0x08000276   Section        0  llshl.o(.text)
    .text                                    0x08000294   Section        0  llushr.o(.text)
    .text                                    0x080002b4   Section       36  init.o(.text)
    i.Add_Sample_Service                     0x080002d8   Section        0  sample_service.o(i.Add_Sample_Service)
    i.Attribute_Modified_CB                  0x08000390   Section        0  sample_service.o(i.Attribute_Modified_CB)
    i.BSP_COM_Init                           0x080003bc   Section        0  stm32f4_nucleo_f401re.o(i.BSP_COM_Init)
    i.BSP_GetTick                            0x0800040c   Section        0  nucleo_f401re_bus.o(i.BSP_GetTick)
    i.BSP_LED_Init                           0x08000410   Section        0  stm32f4_nucleo_f401re.o(i.BSP_LED_Init)
    i.BSP_LED_Off                            0x08000468   Section        0  stm32f4_nucleo_f401re.o(i.BSP_LED_Off)
    i.BSP_LED_On                             0x08000488   Section        0  stm32f4_nucleo_f401re.o(i.BSP_LED_On)
    i.BSP_LED_Toggle                         0x080004a8   Section        0  stm32f4_nucleo_f401re.o(i.BSP_LED_Toggle)
    i.BSP_PB_Callback                        0x080004c8   Section        0  stm32f4_nucleo_f401re.o(i.BSP_PB_Callback)
    i.BSP_PB_GetState                        0x080004cc   Section        0  stm32f4_nucleo_f401re.o(i.BSP_PB_GetState)
    i.BSP_PB_Init                            0x080004e4   Section        0  stm32f4_nucleo_f401re.o(i.BSP_PB_Init)
    i.BSP_SPI1_Init                          0x08000590   Section        0  nucleo_f401re_bus.o(i.BSP_SPI1_Init)
    i.BSP_SPI1_SendRecv                      0x0800060c   Section        0  nucleo_f401re_bus.o(i.BSP_SPI1_SendRecv)
    i.BUTTON_KEY_EXTI_Callback               0x08000634   Section        0  stm32f4_nucleo_f401re.o(i.BUTTON_KEY_EXTI_Callback)
    BUTTON_KEY_EXTI_Callback                 0x08000635   Thumb Code    10  stm32f4_nucleo_f401re.o(i.BUTTON_KEY_EXTI_Callback)
    i.BusFault_Handler                       0x0800063e   Section        0  stm32f4xx_it.o(i.BusFault_Handler)
    i.DebugMon_Handler                       0x08000640   Section        0  stm32f4xx_it.o(i.DebugMon_Handler)
    i.EXTI0_IRQHandler                       0x08000644   Section        0  stm32f4xx_it.o(i.EXTI0_IRQHandler)
    i.GAP_ConnectionComplete_CB              0x08000650   Section        0  sample_service.o(i.GAP_ConnectionComplete_CB)
    i.GAP_DisconnectionComplete_CB           0x080006ac   Section        0  sample_service.o(i.GAP_DisconnectionComplete_CB)
    i.GATT_Notification_CB                   0x080006e0   Section        0  sample_service.o(i.GATT_Notification_CB)
    i.HAL_Delay                              0x080006f8   Section        0  stm32f4xx_hal.o(i.HAL_Delay)
    i.HAL_EXTI_GetHandle                     0x0800071c   Section        0  stm32f4xx_hal_exti.o(i.HAL_EXTI_GetHandle)
    i.HAL_EXTI_IRQHandler                    0x08000728   Section        0  stm32f4xx_hal_exti.o(i.HAL_EXTI_IRQHandler)
    i.HAL_EXTI_RegisterCallback              0x0800074c   Section        0  stm32f4xx_hal_exti.o(i.HAL_EXTI_RegisterCallback)
    i.HAL_GPIO_DeInit                        0x0800075c   Section        0  stm32f4xx_hal_gpio.o(i.HAL_GPIO_DeInit)
    i.HAL_GPIO_Init                          0x0800086c   Section        0  stm32f4xx_hal_gpio.o(i.HAL_GPIO_Init)
    i.HAL_GPIO_ReadPin                       0x080009f4   Section        0  stm32f4xx_hal_gpio.o(i.HAL_GPIO_ReadPin)
    i.HAL_GPIO_TogglePin                     0x080009fe   Section        0  stm32f4xx_hal_gpio.o(i.HAL_GPIO_TogglePin)
    i.HAL_GPIO_WritePin                      0x08000a06   Section        0  stm32f4xx_hal_gpio.o(i.HAL_GPIO_WritePin)
    i.HAL_GetTick                            0x08000a10   Section        0  stm32f4xx_hal.o(i.HAL_GetTick)
    i.HAL_IncTick                            0x08000a1c   Section        0  stm32f4xx_hal.o(i.HAL_IncTick)
    i.HAL_Init                               0x08000a2c   Section        0  stm32f4xx_hal.o(i.HAL_Init)
    i.HAL_InitTick                           0x08000a60   Section        0  stm32f4xx_hal.o(i.HAL_InitTick)
    i.HAL_MspInit                            0x08000aa0   Section        0  stm32f4xx_hal_msp.o(i.HAL_MspInit)
    i.HAL_NVIC_EnableIRQ                     0x08000ad4   Section        0  stm32f4xx_hal_cortex.o(i.HAL_NVIC_EnableIRQ)
    i.HAL_NVIC_SetPriority                   0x08000aec   Section        0  stm32f4xx_hal_cortex.o(i.HAL_NVIC_SetPriority)
    i.HAL_NVIC_SetPriorityGrouping           0x08000b2c   Section        0  stm32f4xx_hal_cortex.o(i.HAL_NVIC_SetPriorityGrouping)
    i.HAL_RCC_ClockConfig                    0x08000b50   Section        0  stm32f4xx_hal_rcc.o(i.HAL_RCC_ClockConfig)
    i.HAL_RCC_GetPCLK1Freq                   0x08000c80   Section        0  stm32f4xx_hal_rcc.o(i.HAL_RCC_GetPCLK1Freq)
    i.HAL_RCC_GetPCLK2Freq                   0x08000ca0   Section        0  stm32f4xx_hal_rcc.o(i.HAL_RCC_GetPCLK2Freq)
    i.HAL_RCC_GetSysClockFreq                0x08000cc0   Section        0  stm32f4xx_hal_rcc.o(i.HAL_RCC_GetSysClockFreq)
    i.HAL_RCC_OscConfig                      0x08000d20   Section        0  stm32f4xx_hal_rcc.o(i.HAL_RCC_OscConfig)
    i.HAL_SPI_GetState                       0x0800103c   Section        0  stm32f4xx_hal_spi.o(i.HAL_SPI_GetState)
    i.HAL_SPI_Init                           0x08001042   Section        0  stm32f4xx_hal_spi.o(i.HAL_SPI_Init)
    i.HAL_SPI_MspInit                        0x080010c2   Section        0  stm32f4xx_hal_spi.o(i.HAL_SPI_MspInit)
    i.HAL_SPI_TransmitReceive                0x080010c4   Section        0  stm32f4xx_hal_spi.o(i.HAL_SPI_TransmitReceive)
    i.HAL_SYSTICK_Config                     0x0800129c   Section        0  stm32f4xx_hal_cortex.o(i.HAL_SYSTICK_Config)
    i.HAL_UART_Init                          0x080012c4   Section        0  stm32f4xx_hal_uart.o(i.HAL_UART_Init)
    i.HAL_UART_MspInit                       0x08001326   Section        0  stm32f4xx_hal_uart.o(i.HAL_UART_MspInit)
    i.HAL_UART_Transmit                      0x08001328   Section        0  stm32f4xx_hal_uart.o(i.HAL_UART_Transmit)
    i.HCI_TL_SPI_DeInit                      0x080013e4   Section        0  hci_tl_interface.o(i.HCI_TL_SPI_DeInit)
    i.HCI_TL_SPI_Init                        0x08001408   Section        0  hci_tl_interface.o(i.HCI_TL_SPI_Init)
    i.HCI_TL_SPI_Receive                     0x0800146c   Section        0  hci_tl_interface.o(i.HCI_TL_SPI_Receive)
    i.HCI_TL_SPI_Reset                       0x080014ec   Section        0  hci_tl_interface.o(i.HCI_TL_SPI_Reset)
    i.HCI_TL_SPI_Send                        0x0800151c   Section        0  hci_tl_interface.o(i.HCI_TL_SPI_Send)
    i.HardFault_Handler                      0x080015b0   Section        0  stm32f4xx_it.o(i.HardFault_Handler)
    i.MX_GPIO_Init                           0x080015b4   Section        0  main.o(i.MX_GPIO_Init)
    MX_GPIO_Init                             0x080015b5   Thumb Code   158  main.o(i.MX_GPIO_Init)
    i.MX_SPI1_Init                           0x08001664   Section        0  nucleo_f401re_bus.o(i.MX_SPI1_Init)
    i.MX_USART2_UART_Init                    0x080016a0   Section        0  stm32f4_nucleo_f401re.o(i.MX_USART2_UART_Init)
    i.MX_X_CUBE_BLE1_Init                    0x080016cc   Section        0  app_x-cube-ble1.o(i.MX_X_CUBE_BLE1_Init)
    i.MX_X_CUBE_BLE1_Process                 0x08001910   Section        0  app_x-cube-ble1.o(i.MX_X_CUBE_BLE1_Process)
    i.Make_Connection                        0x08001920   Section        0  sample_service.o(i.Make_Connection)
    i.MemManage_Handler                      0x08001a0c   Section        0  stm32f4xx_it.o(i.MemManage_Handler)
    i.NMI_Handler                            0x08001a0e   Section        0  stm32f4xx_it.o(i.NMI_Handler)
    i.NVIC_SetPriority                       0x08001a10   Section        0  stm32f4xx_hal_cortex.o(i.NVIC_SetPriority)
    NVIC_SetPriority                         0x08001a11   Thumb Code    32  stm32f4xx_hal_cortex.o(i.NVIC_SetPriority)
    i.PendSV_Handler                         0x08001a30   Section        0  stm32f4xx_it.o(i.PendSV_Handler)
    i.SPI_CheckFlag_BSY                      0x08001a32   Section        0  stm32f4xx_hal_spi.o(i.SPI_CheckFlag_BSY)
    SPI_CheckFlag_BSY                        0x08001a33   Thumb Code    32  stm32f4xx_hal_spi.o(i.SPI_CheckFlag_BSY)
    i.SPI_WaitFlagStateUntilTimeout          0x08001a52   Section        0  stm32f4xx_hal_spi.o(i.SPI_WaitFlagStateUntilTimeout)
    SPI_WaitFlagStateUntilTimeout            0x08001a53   Thumb Code   150  stm32f4xx_hal_spi.o(i.SPI_WaitFlagStateUntilTimeout)
    i.SVC_Handler                            0x08001ae8   Section        0  stm32f4xx_it.o(i.SVC_Handler)
    i.SysTick_Handler                        0x08001aea   Section        0  stm32f4xx_it.o(i.SysTick_Handler)
    i.SystemClock_Config                     0x08001af0   Section        0  main.o(i.SystemClock_Config)
    i.SystemInit                             0x08001b78   Section        0  system_stm32f4xx.o(i.SystemInit)
    i.UART_SetConfig                         0x08001bcc   Section        0  stm32f4xx_hal_uart.o(i.UART_SetConfig)
    UART_SetConfig                           0x08001bcd   Thumb Code   676  stm32f4xx_hal_uart.o(i.UART_SetConfig)
    i.UART_WaitOnFlagUntilTimeout            0x08001e78   Section        0  stm32f4xx_hal_uart.o(i.UART_WaitOnFlagUntilTimeout)
    UART_WaitOnFlagUntilTimeout              0x08001e79   Thumb Code   100  stm32f4xx_hal_uart.o(i.UART_WaitOnFlagUntilTimeout)
    i.UsageFault_Handler                     0x08001edc   Section        0  stm32f4xx_it.o(i.UsageFault_Handler)
    i.User_Process                           0x08001ee0   Section        0  app_x-cube-ble1.o(i.User_Process)
    User_Process                             0x08001ee1   Thumb Code   176  app_x-cube-ble1.o(i.User_Process)
    i.__0printf$8                            0x08001fbc   Section        0  printf8.o(i.__0printf$8)
    i.__scatterload_copy                     0x08001fdc   Section       14  handlers.o(i.__scatterload_copy)
    i.__scatterload_null                     0x08001fea   Section        2  handlers.o(i.__scatterload_null)
    i.__scatterload_zeroinit                 0x08001fec   Section       14  handlers.o(i.__scatterload_zeroinit)
    i._printf_core                           0x08001ffc   Section        0  printf8.o(i._printf_core)
    _printf_core                             0x08001ffd   Thumb Code   996  printf8.o(i._printf_core)
    i._printf_post_padding                   0x0800240c   Section        0  printf8.o(i._printf_post_padding)
    _printf_post_padding                     0x0800240d   Thumb Code    36  printf8.o(i._printf_post_padding)
    i._printf_pre_padding                    0x08002430   Section        0  printf8.o(i._printf_pre_padding)
    _printf_pre_padding                      0x08002431   Thumb Code    46  printf8.o(i._printf_pre_padding)
    i.aci_gap_create_connection              0x0800245e   Section        0  bluenrg_gap_aci.o(i.aci_gap_create_connection)
    i.aci_gap_init_IDB04A1                   0x080024e2   Section        0  bluenrg_gap_aci.o(i.aci_gap_init_IDB04A1)
    i.aci_gap_init_IDB05A1                   0x0800254a   Section        0  bluenrg_gap_aci.o(i.aci_gap_init_IDB05A1)
    i.aci_gap_set_auth_requirement           0x080025ba   Section        0  bluenrg_gap_aci.o(i.aci_gap_set_auth_requirement)
    i.aci_gap_set_discoverable               0x0800262e   Section        0  bluenrg_gap_aci.o(i.aci_gap_set_discoverable)
    i.aci_gatt_add_char                      0x080026fa   Section        0  bluenrg_gatt_aci.o(i.aci_gatt_add_char)
    i.aci_gatt_add_serv                      0x080027b0   Section        0  bluenrg_gatt_aci.o(i.aci_gatt_add_serv)
    i.aci_gatt_disc_charac_by_uuid           0x0800282c   Section        0  bluenrg_gatt_aci.o(i.aci_gatt_disc_charac_by_uuid)
    i.aci_gatt_init                          0x080028b4   Section        0  bluenrg_gatt_aci.o(i.aci_gatt_init)
    i.aci_gatt_update_char_value             0x080028ee   Section        0  bluenrg_gatt_aci.o(i.aci_gatt_update_char_value)
    i.aci_gatt_write_charac_descriptor       0x08002968   Section        0  bluenrg_gatt_aci.o(i.aci_gatt_write_charac_descriptor)
    i.aci_gatt_write_without_response        0x080029e0   Section        0  bluenrg_gatt_aci.o(i.aci_gatt_write_without_response)
    i.aci_hal_set_tx_power_level             0x08002a42   Section        0  bluenrg_hal_aci.o(i.aci_hal_set_tx_power_level)
    i.aci_hal_write_config_data              0x08002a8a   Section        0  bluenrg_hal_aci.o(i.aci_hal_write_config_data)
    i.enableNotification                     0x08002ae8   Section        0  sample_service.o(i.enableNotification)
    i.fputc                                  0x08002b2c   Section        0  stm32f4_nucleo_f401re.o(i.fputc)
    i.getBlueNRGVersion                      0x08002b50   Section        0  bluenrg_utils_small.o(i.getBlueNRGVersion)
    i.hci_init                               0x08002b9c   Section        0  hci_tl.o(i.hci_init)
    i.hci_le_read_local_version              0x08002bf8   Section        0  hci_le.o(i.hci_le_read_local_version)
    i.hci_le_set_scan_resp_data              0x08002c74   Section        0  hci_le.o(i.hci_le_set_scan_resp_data)
    i.hci_notify_asynch_evt                  0x08002cd4   Section        0  hci_tl.o(i.hci_notify_asynch_evt)
    i.hci_register_io_bus                    0x08002d34   Section        0  hci_tl.o(i.hci_register_io_bus)
    i.hci_reset                              0x08002d50   Section        0  hci_le.o(i.hci_reset)
    i.hci_send_req                           0x08002d88   Section        0  hci_tl.o(i.hci_send_req)
    i.hci_tl_lowlevel_init                   0x08002f10   Section        0  hci_tl_interface.o(i.hci_tl_lowlevel_init)
    i.hci_tl_lowlevel_isr                    0x08002f7c   Section        0  hci_tl_interface.o(i.hci_tl_lowlevel_isr)
    i.hci_user_evt_proc                      0x08002f9c   Section        0  hci_tl.o(i.hci_user_evt_proc)
    i.list_get_size                          0x08002fd8   Section        0  ble_list.o(i.list_get_size)
    i.list_init_head                         0x08002ff4   Section        0  ble_list.o(i.list_init_head)
    i.list_insert_head                       0x08002ffa   Section        0  ble_list.o(i.list_insert_head)
    i.list_insert_tail                       0x08003012   Section        0  ble_list.o(i.list_insert_tail)
    i.list_is_empty                          0x0800302a   Section        0  ble_list.o(i.list_is_empty)
    i.list_remove_head                       0x08003042   Section        0  ble_list.o(i.list_remove_head)
    i.list_remove_node                       0x08003066   Section        0  ble_list.o(i.list_remove_node)
    i.list_remove_tail                       0x0800307c   Section        0  ble_list.o(i.list_remove_tail)
    i.main                                   0x080030a0   Section        0  main.o(i.main)
    i.move_list                              0x080030b6   Section        0  hci_tl.o(i.move_list)
    move_list                                0x080030b7   Thumb Code    36  hci_tl.o(i.move_list)
    i.receiveData                            0x080030dc   Section        0  sample_service.o(i.receiveData)
    i.sendData                               0x08003100   Section        0  sample_service.o(i.sendData)
    i.startReadRXCharHandle                  0x0800313c   Section        0  sample_service.o(i.startReadRXCharHandle)
    i.startReadTXCharHandle                  0x08003184   Section        0  sample_service.o(i.startReadTXCharHandle)
    i.user_notify                            0x080031cc   Section        0  sample_service.o(i.user_notify)
    .constdata                               0x080032cc   Section       12  stm32f4_nucleo_f401re.o(.constdata)
    BUTTON_IRQn                              0x080032cc   Data           1  stm32f4_nucleo_f401re.o(.constdata)
    LED_GPIO_PIN                             0x080032ce   Data           2  stm32f4_nucleo_f401re.o(.constdata)
    BUTTON_PIN                               0x080032d0   Data           2  stm32f4_nucleo_f401re.o(.constdata)
    BUTTON_EXTI_LINE                         0x080032d4   Data           4  stm32f4_nucleo_f401re.o(.constdata)
    .constdata                               0x080032d8   Section       16  system_stm32f4xx.o(.constdata)
    .constdata                               0x080032e8   Section        8  system_stm32f4xx.o(.constdata)
    .data                                    0x20000000   Section        8  hci_tl_interface.o(.data)
    .data                                    0x20000008   Section        3  app_x-cube-ble1.o(.data)
    .data                                    0x2000000c   Section       24  sample_service.o(.data)
    .data                                    0x20000024   Section       36  stm32f4_nucleo_f401re.o(.data)
    COM_ActiveLogPort                        0x20000024   Data           1  stm32f4_nucleo_f401re.o(.data)
    LED_GPIO_PORT                            0x20000028   Data           4  stm32f4_nucleo_f401re.o(.data)
    BUTTON_PORT                              0x2000002c   Data           4  stm32f4_nucleo_f401re.o(.data)
    ButtonCallback                           0x20000034   Data           4  stm32f4_nucleo_f401re.o(.data)
    BSP_BUTTON_PRIO                          0x20000038   Data           4  stm32f4_nucleo_f401re.o(.data)
    .data                                    0x20000048   Section       12  stm32f4xx_hal.o(.data)
    .data                                    0x20000054   Section        4  system_stm32f4xx.o(.data)
    .data                                    0x20000058   Section       16  hci_tl.o(.data)
    .data                                    0x20000068   Section        4  stdout.o(.data)
    .bss                                     0x2000006c   Section      255  hci_tl_interface.o(.bss)
    read_char_buf                            0x2000006c   Data         255  hci_tl_interface.o(.bss)
    .bss                                     0x2000016c   Section       88  nucleo_f401re_bus.o(.bss)
    .bss                                     0x200001c4   Section       64  stm32f4_nucleo_f401re.o(.bss)
    .bss                                     0x20000204   Section      732  hci_tl.o(.bss)
    hciReadPacketBuffer                      0x20000204   Data         700  hci_tl.o(.bss)
    hciContext                               0x200004c0   Data          32  hci_tl.o(.bss)
    STACK                                    0x200004e0   Section     1024  startup_stm32f401xe.o(STACK)

    Global Symbols

    Symbol Name                              Value     Ov Type        Size  Object(Section)

    BuildAttributes$$THM_ISAv4$E$P$D$K$B$S$7EM$VFPi3$EXTD16$VFPS$VFMA$PE$A:L22UL41UL21$X:L11$S22US41US21$IEEE1$IW$USESV6$~STKCKD$USESV7$~SHL$OSPACE$ROPI$EBA8$MICROLIB$REQ8$PRES8$EABIv2 0x00000000   Number         0  anon$$obj.o ABSOLUTE
    __ARM_use_no_argv                        0x00000000   Number         0  main.o ABSOLUTE
    _printf_a                                0x00000000   Number         0  stubs.o ABSOLUTE
    _printf_c                                0x00000000   Number         0  stubs.o ABSOLUTE
    _printf_charcount                        0x00000000   Number         0  stubs.o ABSOLUTE
    _printf_d                                0x00000000   Number         0  stubs.o ABSOLUTE
    _printf_e                                0x00000000   Number         0  stubs.o ABSOLUTE
    _printf_f                                0x00000000   Number         0  stubs.o ABSOLUTE
    _printf_flags                            0x00000000   Number         0  stubs.o ABSOLUTE
    _printf_fp_dec                           0x00000000   Number         0  stubs.o ABSOLUTE
    _printf_fp_hex                           0x00000000   Number         0  stubs.o ABSOLUTE
    _printf_g                                0x00000000   Number         0  stubs.o ABSOLUTE
    _printf_i                                0x00000000   Number         0  stubs.o ABSOLUTE
    _printf_int_dec                          0x00000000   Number         0  stubs.o ABSOLUTE
    _printf_l                                0x00000000   Number         0  stubs.o ABSOLUTE
    _printf_lc                               0x00000000   Number         0  stubs.o ABSOLUTE
    _printf_ll                               0x00000000   Number         0  stubs.o ABSOLUTE
    _printf_lld                              0x00000000   Number         0  stubs.o ABSOLUTE
    _printf_lli                              0x00000000   Number         0  stubs.o ABSOLUTE
    _printf_llo                              0x00000000   Number         0  stubs.o ABSOLUTE
    _printf_llu                              0x00000000   Number         0  stubs.o ABSOLUTE
    _printf_llx                              0x00000000   Number         0  stubs.o ABSOLUTE
    _printf_longlong_dec                     0x00000000   Number         0  stubs.o ABSOLUTE
    _printf_longlong_hex                     0x00000000   Number         0  stubs.o ABSOLUTE
    _printf_longlong_oct                     0x00000000   Number         0  stubs.o ABSOLUTE
    _printf_ls                               0x00000000   Number         0  stubs.o ABSOLUTE
    _printf_mbtowc                           0x00000000   Number         0  stubs.o ABSOLUTE
    _printf_n                                0x00000000   Number         0  stubs.o ABSOLUTE
    _printf_o                                0x00000000   Number         0  stubs.o ABSOLUTE
    _printf_p                                0x00000000   Number         0  stubs.o ABSOLUTE
    _printf_percent                          0x00000000   Number         0  stubs.o ABSOLUTE
    _printf_pre_padding                      0x00000000   Number         0  stubs.o ABSOLUTE
    _printf_return_value                     0x00000000   Number         0  stubs.o ABSOLUTE
    _printf_s                                0x00000000   Number         0  stubs.o ABSOLUTE
    _printf_sizespec                         0x00000000   Number         0  stubs.o ABSOLUTE
    _printf_str                              0x00000000   Number         0  stubs.o ABSOLUTE
    _printf_truncate_signed                  0x00000000   Number         0  stubs.o ABSOLUTE
    _printf_truncate_unsigned                0x00000000   Number         0  stubs.o ABSOLUTE
    _printf_u                                0x00000000   Number         0  stubs.o ABSOLUTE
    _printf_wc                               0x00000000   Number         0  stubs.o ABSOLUTE
    _printf_wctomb                           0x00000000   Number         0  stubs.o ABSOLUTE
    _printf_widthprec                        0x00000000   Number         0  stubs.o ABSOLUTE
    _printf_x                                0x00000000   Number         0  stubs.o ABSOLUTE
    __cpp_initialize__aeabi_                  - Undefined Weak Reference
    __cxa_finalize                            - Undefined Weak Reference
    __decompress                              - Undefined Weak Reference
    _clock_init                               - Undefined Weak Reference
    _microlib_exit                            - Undefined Weak Reference
    __Vectors_Size                           0x00000194   Number         0  startup_stm32f401xe.o ABSOLUTE
    __Vectors                                0x08000000   Data           4  startup_stm32f401xe.o(RESET)
    __Vectors_End                            0x08000194   Data           0  startup_stm32f401xe.o(RESET)
    __main                                   0x08000195   Thumb Code     0  entry.o(.ARM.Collect$$$$00000000)
    _main_stk                                0x08000195   Thumb Code     0  entry2.o(.ARM.Collect$$$$00000001)
    _main_scatterload                        0x08000199   Thumb Code     0  entry5.o(.ARM.Collect$$$$00000004)
    __main_after_scatterload                 0x0800019d   Thumb Code     0  entry5.o(.ARM.Collect$$$$00000004)
    _main_clock                              0x0800019d   Thumb Code     0  entry7b.o(.ARM.Collect$$$$00000008)
    _main_cpp_init                           0x0800019d   Thumb Code     0  entry8b.o(.ARM.Collect$$$$0000000A)
    _main_init                               0x0800019d   Thumb Code     0  entry9a.o(.ARM.Collect$$$$0000000B)
    __rt_final_cpp                           0x080001a5   Thumb Code     0  entry10a.o(.ARM.Collect$$$$0000000D)
    __rt_final_exit                          0x080001a5   Thumb Code     0  entry11a.o(.ARM.Collect$$$$0000000F)
    Reset_Handler                            0x080001a9   Thumb Code     8  startup_stm32f401xe.o(.text)
    ADC_IRQHandler                           0x080001c3   Thumb Code     0  startup_stm32f401xe.o(.text)
    DMA1_Stream0_IRQHandler                  0x080001c3   Thumb Code     0  startup_stm32f401xe.o(.text)
    DMA1_Stream1_IRQHandler                  0x080001c3   Thumb Code     0  startup_stm32f401xe.o(.text)
    DMA1_Stream2_IRQHandler                  0x080001c3   Thumb Code     0  startup_stm32f401xe.o(.text)
    DMA1_Stream3_IRQHandler                  0x080001c3   Thumb Code     0  startup_stm32f401xe.o(.text)
    DMA1_Stream4_IRQHandler                  0x080001c3   Thumb Code     0  startup_stm32f401xe.o(.text)
    DMA1_Stream5_IRQHandler                  0x080001c3   Thumb Code     0  startup_stm32f401xe.o(.text)
    DMA1_Stream6_IRQHandler                  0x080001c3   Thumb Code     0  startup_stm32f401xe.o(.text)
    DMA1_Stream7_IRQHandler                  0x080001c3   Thumb Code     0  startup_stm32f401xe.o(.text)
    DMA2_Stream0_IRQHandler                  0x080001c3   Thumb Code     0  startup_stm32f401xe.o(.text)
    DMA2_Stream1_IRQHandler                  0x080001c3   Thumb Code     0  startup_stm32f401xe.o(.text)
    DMA2_Stream2_IRQHandler                  0x080001c3   Thumb Code     0  startup_stm32f401xe.o(.text)
    DMA2_Stream3_IRQHandler                  0x080001c3   Thumb Code     0  startup_stm32f401xe.o(.text)
    DMA2_Stream4_IRQHandler                  0x080001c3   Thumb Code     0  startup_stm32f401xe.o(.text)
    DMA2_Stream5_IRQHandler                  0x080001c3   Thumb Code     0  startup_stm32f401xe.o(.text)
    DMA2_Stream6_IRQHandler                  0x080001c3   Thumb Code     0  startup_stm32f401xe.o(.text)
    DMA2_Stream7_IRQHandler                  0x080001c3   Thumb Code     0  startup_stm32f401xe.o(.text)
    EXTI15_10_IRQHandler                     0x080001c3   Thumb Code     0  startup_stm32f401xe.o(.text)
    EXTI1_IRQHandler                         0x080001c3   Thumb Code     0  startup_stm32f401xe.o(.text)
    EXTI2_IRQHandler                         0x080001c3   Thumb Code     0  startup_stm32f401xe.o(.text)
    EXTI3_IRQHandler                         0x080001c3   Thumb Code     0  startup_stm32f401xe.o(.text)
    EXTI4_IRQHandler                         0x080001c3   Thumb Code     0  startup_stm32f401xe.o(.text)
    EXTI9_5_IRQHandler                       0x080001c3   Thumb Code     0  startup_stm32f401xe.o(.text)
    FLASH_IRQHandler                         0x080001c3   Thumb Code     0  startup_stm32f401xe.o(.text)
    FPU_IRQHandler                           0x080001c3   Thumb Code     0  startup_stm32f401xe.o(.text)
    I2C1_ER_IRQHandler                       0x080001c3   Thumb Code     0  startup_stm32f401xe.o(.text)
    I2C1_EV_IRQHandler                       0x080001c3   Thumb Code     0  startup_stm32f401xe.o(.text)
    I2C2_ER_IRQHandler                       0x080001c3   Thumb Code     0  startup_stm32f401xe.o(.text)
    I2C2_EV_IRQHandler                       0x080001c3   Thumb Code     0  startup_stm32f401xe.o(.text)
    I2C3_ER_IRQHandler                       0x080001c3   Thumb Code     0  startup_stm32f401xe.o(.text)
    I2C3_EV_IRQHandler                       0x080001c3   Thumb Code     0  startup_stm32f401xe.o(.text)
    OTG_FS_IRQHandler                        0x080001c3   Thumb Code     0  startup_stm32f401xe.o(.text)
    OTG_FS_WKUP_IRQHandler                   0x080001c3   Thumb Code     0  startup_stm32f401xe.o(.text)
    PVD_IRQHandler                           0x080001c3   Thumb Code     0  startup_stm32f401xe.o(.text)
    RCC_IRQHandler                           0x080001c3   Thumb Code     0  startup_stm32f401xe.o(.text)
    RTC_Alarm_IRQHandler                     0x080001c3   Thumb Code     0  startup_stm32f401xe.o(.text)
    RTC_WKUP_IRQHandler                      0x080001c3   Thumb Code     0  startup_stm32f401xe.o(.text)
    SDIO_IRQHandler                          0x080001c3   Thumb Code     0  startup_stm32f401xe.o(.text)
    SPI1_IRQHandler                          0x080001c3   Thumb Code     0  startup_stm32f401xe.o(.text)
    SPI2_IRQHandler                          0x080001c3   Thumb Code     0  startup_stm32f401xe.o(.text)
    SPI3_IRQHandler                          0x080001c3   Thumb Code     0  startup_stm32f401xe.o(.text)
    SPI4_IRQHandler                          0x080001c3   Thumb Code     0  startup_stm32f401xe.o(.text)
    TAMP_STAMP_IRQHandler                    0x080001c3   Thumb Code     0  startup_stm32f401xe.o(.text)
    TIM1_BRK_TIM9_IRQHandler                 0x080001c3   Thumb Code     0  startup_stm32f401xe.o(.text)
    TIM1_CC_IRQHandler                       0x080001c3   Thumb Code     0  startup_stm32f401xe.o(.text)
    TIM1_TRG_COM_TIM11_IRQHandler            0x080001c3   Thumb Code     0  startup_stm32f401xe.o(.text)
    TIM1_UP_TIM10_IRQHandler                 0x080001c3   Thumb Code     0  startup_stm32f401xe.o(.text)
    TIM2_IRQHandler                          0x080001c3   Thumb Code     0  startup_stm32f401xe.o(.text)
    TIM3_IRQHandler                          0x080001c3   Thumb Code     0  startup_stm32f401xe.o(.text)
    TIM4_IRQHandler                          0x080001c3   Thumb Code     0  startup_stm32f401xe.o(.text)
    TIM5_IRQHandler                          0x080001c3   Thumb Code     0  startup_stm32f401xe.o(.text)
    USART1_IRQHandler                        0x080001c3   Thumb Code     0  startup_stm32f401xe.o(.text)
    USART2_IRQHandler                        0x080001c3   Thumb Code     0  startup_stm32f401xe.o(.text)
    USART6_IRQHandler                        0x080001c3   Thumb Code     0  startup_stm32f401xe.o(.text)
    WWDG_IRQHandler                          0x080001c3   Thumb Code     0  startup_stm32f401xe.o(.text)
    __aeabi_uldivmod                         0x080001cd   Thumb Code    98  uldiv.o(.text)
    __aeabi_memcpy                           0x0800022f   Thumb Code    36  memcpya.o(.text)
    __aeabi_memcpy4                          0x0800022f   Thumb Code     0  memcpya.o(.text)
    __aeabi_memcpy8                          0x0800022f   Thumb Code     0  memcpya.o(.text)
    __aeabi_memset                           0x08000253   Thumb Code    14  memseta.o(.text)
    __aeabi_memset4                          0x08000253   Thumb Code     0  memseta.o(.text)
    __aeabi_memset8                          0x08000253   Thumb Code     0  memseta.o(.text)
    __aeabi_memclr                           0x08000261   Thumb Code     4  memseta.o(.text)
    __aeabi_memclr4                          0x08000261   Thumb Code     0  memseta.o(.text)
    __aeabi_memclr8                          0x08000261   Thumb Code     0  memseta.o(.text)
    _memset$wrapper                          0x08000265   Thumb Code    18  memseta.o(.text)
    __aeabi_llsl                             0x08000277   Thumb Code    30  llshl.o(.text)
    _ll_shift_l                              0x08000277   Thumb Code     0  llshl.o(.text)
    __aeabi_llsr                             0x08000295   Thumb Code    32  llushr.o(.text)
    _ll_ushift_r                             0x08000295   Thumb Code     0  llushr.o(.text)
    __scatterload                            0x080002b5   Thumb Code    28  init.o(.text)
    __scatterload_rt2                        0x080002b5   Thumb Code     0  init.o(.text)
    Add_Sample_Service                       0x080002d9   Thumb Code   132  sample_service.o(i.Add_Sample_Service)
    Attribute_Modified_CB                    0x08000391   Thumb Code    40  sample_service.o(i.Attribute_Modified_CB)
    BSP_COM_Init                             0x080003bd   Thumb Code    68  stm32f4_nucleo_f401re.o(i.BSP_COM_Init)
    BSP_GetTick                              0x0800040d   Thumb Code     4  nucleo_f401re_bus.o(i.BSP_GetTick)
    BSP_LED_Init                             0x08000411   Thumb Code    74  stm32f4_nucleo_f401re.o(i.BSP_LED_Init)
    BSP_LED_Off                              0x08000469   Thumb Code    24  stm32f4_nucleo_f401re.o(i.BSP_LED_Off)
    BSP_LED_On                               0x08000489   Thumb Code    24  stm32f4_nucleo_f401re.o(i.BSP_LED_On)
    BSP_LED_Toggle                           0x080004a9   Thumb Code    22  stm32f4_nucleo_f401re.o(i.BSP_LED_Toggle)
    BSP_PB_Callback                          0x080004c9   Thumb Code     2  stm32f4_nucleo_f401re.o(i.BSP_PB_Callback)
    BSP_PB_GetState                          0x080004cd   Thumb Code    16  stm32f4_nucleo_f401re.o(i.BSP_PB_GetState)
    BSP_PB_Init                              0x080004e5   Thumb Code   154  stm32f4_nucleo_f401re.o(i.BSP_PB_Init)
    BSP_SPI1_Init                            0x08000591   Thumb Code   104  nucleo_f401re_bus.o(i.BSP_SPI1_Init)
    BSP_SPI1_SendRecv                        0x0800060d   Thumb Code    34  nucleo_f401re_bus.o(i.BSP_SPI1_SendRecv)
    BusFault_Handler                         0x0800063f   Thumb Code     2  stm32f4xx_it.o(i.BusFault_Handler)
    DebugMon_Handler                         0x08000641   Thumb Code     2  stm32f4xx_it.o(i.DebugMon_Handler)
    EXTI0_IRQHandler                         0x08000645   Thumb Code     6  stm32f4xx_it.o(i.EXTI0_IRQHandler)
    GAP_ConnectionComplete_CB                0x08000651   Thumb Code    46  sample_service.o(i.GAP_ConnectionComplete_CB)
    GAP_DisconnectionComplete_CB             0x080006ad   Thumb Code    30  sample_service.o(i.GAP_DisconnectionComplete_CB)
    GATT_Notification_CB                     0x080006e1   Thumb Code    18  sample_service.o(i.GATT_Notification_CB)
    HAL_Delay                                0x080006f9   Thumb Code    32  stm32f4xx_hal.o(i.HAL_Delay)
    HAL_EXTI_GetHandle                       0x0800071d   Thumb Code    12  stm32f4xx_hal_exti.o(i.HAL_EXTI_GetHandle)
    HAL_EXTI_IRQHandler                      0x08000729   Thumb Code    30  stm32f4xx_hal_exti.o(i.HAL_EXTI_IRQHandler)
    HAL_EXTI_RegisterCallback                0x0800074d   Thumb Code    14  stm32f4xx_hal_exti.o(i.HAL_EXTI_RegisterCallback)
    HAL_GPIO_DeInit                          0x0800075d   Thumb Code   244  stm32f4xx_hal_gpio.o(i.HAL_GPIO_DeInit)
    HAL_GPIO_Init                            0x0800086d   Thumb Code   358  stm32f4xx_hal_gpio.o(i.HAL_GPIO_Init)
    HAL_GPIO_ReadPin                         0x080009f5   Thumb Code    10  stm32f4xx_hal_gpio.o(i.HAL_GPIO_ReadPin)
    HAL_GPIO_TogglePin                       0x080009ff   Thumb Code     8  stm32f4xx_hal_gpio.o(i.HAL_GPIO_TogglePin)
    HAL_GPIO_WritePin                        0x08000a07   Thumb Code    10  stm32f4xx_hal_gpio.o(i.HAL_GPIO_WritePin)
    HAL_GetTick                              0x08000a11   Thumb Code     6  stm32f4xx_hal.o(i.HAL_GetTick)
    HAL_IncTick                              0x08000a1d   Thumb Code    12  stm32f4xx_hal.o(i.HAL_IncTick)
    HAL_Init                                 0x08000a2d   Thumb Code    48  stm32f4xx_hal.o(i.HAL_Init)
    HAL_InitTick                             0x08000a61   Thumb Code    54  stm32f4xx_hal.o(i.HAL_InitTick)
    HAL_MspInit                              0x08000aa1   Thumb Code    48  stm32f4xx_hal_msp.o(i.HAL_MspInit)
    HAL_NVIC_EnableIRQ                       0x08000ad5   Thumb Code    22  stm32f4xx_hal_cortex.o(i.HAL_NVIC_EnableIRQ)
    HAL_NVIC_SetPriority                     0x08000aed   Thumb Code    60  stm32f4xx_hal_cortex.o(i.HAL_NVIC_SetPriority)
    HAL_NVIC_SetPriorityGrouping             0x08000b2d   Thumb Code    26  stm32f4xx_hal_cortex.o(i.HAL_NVIC_SetPriorityGrouping)
    HAL_RCC_ClockConfig                      0x08000b51   Thumb Code   286  stm32f4xx_hal_rcc.o(i.HAL_RCC_ClockConfig)
    HAL_RCC_GetPCLK1Freq                     0x08000c81   Thumb Code    20  stm32f4xx_hal_rcc.o(i.HAL_RCC_GetPCLK1Freq)
    HAL_RCC_GetPCLK2Freq                     0x08000ca1   Thumb Code    20  stm32f4xx_hal_rcc.o(i.HAL_RCC_GetPCLK2Freq)
    HAL_RCC_GetSysClockFreq                  0x08000cc1   Thumb Code    88  stm32f4xx_hal_rcc.o(i.HAL_RCC_GetSysClockFreq)
    HAL_RCC_OscConfig                        0x08000d21   Thumb Code   770  stm32f4xx_hal_rcc.o(i.HAL_RCC_OscConfig)
    HAL_SPI_GetState                         0x0800103d   Thumb Code     6  stm32f4xx_hal_spi.o(i.HAL_SPI_GetState)
    HAL_SPI_Init                             0x08001043   Thumb Code   128  stm32f4xx_hal_spi.o(i.HAL_SPI_Init)
    HAL_SPI_MspInit                          0x080010c3   Thumb Code     2  stm32f4xx_hal_spi.o(i.HAL_SPI_MspInit)
    HAL_SPI_TransmitReceive                  0x080010c5   Thumb Code   472  stm32f4xx_hal_spi.o(i.HAL_SPI_TransmitReceive)
    HAL_SYSTICK_Config                       0x0800129d   Thumb Code    40  stm32f4xx_hal_cortex.o(i.HAL_SYSTICK_Config)
    HAL_UART_Init                            0x080012c5   Thumb Code    98  stm32f4xx_hal_uart.o(i.HAL_UART_Init)
    HAL_UART_MspInit                         0x08001327   Thumb Code     2  stm32f4xx_hal_uart.o(i.HAL_UART_MspInit)
    HAL_UART_Transmit                        0x08001329   Thumb Code   186  stm32f4xx_hal_uart.o(i.HAL_UART_Transmit)
    HCI_TL_SPI_DeInit                        0x080013e5   Thumb Code    32  hci_tl_interface.o(i.HCI_TL_SPI_DeInit)
    HCI_TL_SPI_Init                          0x08001409   Thumb Code    88  hci_tl_interface.o(i.HCI_TL_SPI_Init)
    HCI_TL_SPI_Receive                       0x0800146d   Thumb Code   116  hci_tl_interface.o(i.HCI_TL_SPI_Receive)
    HCI_TL_SPI_Reset                         0x080014ed   Thumb Code    44  hci_tl_interface.o(i.HCI_TL_SPI_Reset)
    HCI_TL_SPI_Send                          0x0800151d   Thumb Code   130  hci_tl_interface.o(i.HCI_TL_SPI_Send)
    HardFault_Handler                        0x080015b1   Thumb Code     2  stm32f4xx_it.o(i.HardFault_Handler)
    MX_SPI1_Init                             0x08001665   Thumb Code    54  nucleo_f401re_bus.o(i.MX_SPI1_Init)
    MX_USART2_UART_Init                      0x080016a1   Thumb Code    40  stm32f4_nucleo_f401re.o(i.MX_USART2_UART_Init)
    MX_X_CUBE_BLE1_Init                      0x080016cd   Thumb Code   308  app_x-cube-ble1.o(i.MX_X_CUBE_BLE1_Init)
    MX_X_CUBE_BLE1_Process                   0x08001911   Thumb Code    14  app_x-cube-ble1.o(i.MX_X_CUBE_BLE1_Process)
    Make_Connection                          0x08001921   Thumb Code   144  sample_service.o(i.Make_Connection)
    MemManage_Handler                        0x08001a0d   Thumb Code     2  stm32f4xx_it.o(i.MemManage_Handler)
    NMI_Handler                              0x08001a0f   Thumb Code     2  stm32f4xx_it.o(i.NMI_Handler)
    PendSV_Handler                           0x08001a31   Thumb Code     2  stm32f4xx_it.o(i.PendSV_Handler)
    SVC_Handler                              0x08001ae9   Thumb Code     2  stm32f4xx_it.o(i.SVC_Handler)
    SysTick_Handler                          0x08001aeb   Thumb Code     4  stm32f4xx_it.o(i.SysTick_Handler)
    SystemClock_Config                       0x08001af1   Thumb Code   128  main.o(i.SystemClock_Config)
    SystemInit                               0x08001b79   Thumb Code    66  system_stm32f4xx.o(i.SystemInit)
    UsageFault_Handler                       0x08001edd   Thumb Code     2  stm32f4xx_it.o(i.UsageFault_Handler)
    __0printf$8                              0x08001fbd   Thumb Code    22  printf8.o(i.__0printf$8)
    __1printf$8                              0x08001fbd   Thumb Code     0  printf8.o(i.__0printf$8)
    __2printf                                0x08001fbd   Thumb Code     0  printf8.o(i.__0printf$8)
    __scatterload_copy                       0x08001fdd   Thumb Code    14  handlers.o(i.__scatterload_copy)
    __scatterload_null                       0x08001feb   Thumb Code     2  handlers.o(i.__scatterload_null)
    __scatterload_zeroinit                   0x08001fed   Thumb Code    14  handlers.o(i.__scatterload_zeroinit)
    aci_gap_create_connection                0x0800245f   Thumb Code   132  bluenrg_gap_aci.o(i.aci_gap_create_connection)
    aci_gap_init_IDB04A1                     0x080024e3   Thumb Code   104  bluenrg_gap_aci.o(i.aci_gap_init_IDB04A1)
    aci_gap_init_IDB05A1                     0x0800254b   Thumb Code   112  bluenrg_gap_aci.o(i.aci_gap_init_IDB05A1)
    aci_gap_set_auth_requirement             0x080025bb   Thumb Code   116  bluenrg_gap_aci.o(i.aci_gap_set_auth_requirement)
    aci_gap_set_discoverable                 0x0800262f   Thumb Code   204  bluenrg_gap_aci.o(i.aci_gap_set_discoverable)
    aci_gatt_add_char                        0x080026fb   Thumb Code   182  bluenrg_gatt_aci.o(i.aci_gatt_add_char)
    aci_gatt_add_serv                        0x080027b1   Thumb Code   124  bluenrg_gatt_aci.o(i.aci_gatt_add_serv)
    aci_gatt_disc_charac_by_uuid             0x0800282d   Thumb Code   136  bluenrg_gatt_aci.o(i.aci_gatt_disc_charac_by_uuid)
    aci_gatt_init                            0x080028b5   Thumb Code    58  bluenrg_gatt_aci.o(i.aci_gatt_init)
    aci_gatt_update_char_value               0x080028ef   Thumb Code   122  bluenrg_gatt_aci.o(i.aci_gatt_update_char_value)
    aci_gatt_write_charac_descriptor         0x08002969   Thumb Code   120  bluenrg_gatt_aci.o(i.aci_gatt_write_charac_descriptor)
    aci_gatt_write_without_response          0x080029e1   Thumb Code    98  bluenrg_gatt_aci.o(i.aci_gatt_write_without_response)
    aci_hal_set_tx_power_level               0x08002a43   Thumb Code    72  bluenrg_hal_aci.o(i.aci_hal_set_tx_power_level)
    aci_hal_write_config_data                0x08002a8b   Thumb Code    94  bluenrg_hal_aci.o(i.aci_hal_write_config_data)
    enableNotification                       0x08002ae9   Thumb Code    60  sample_service.o(i.enableNotification)
    fputc                                    0x08002b2d   Thumb Code    28  stm32f4_nucleo_f401re.o(i.fputc)
    getBlueNRGVersion                        0x08002b51   Thumb Code    76  bluenrg_utils_small.o(i.getBlueNRGVersion)
    hci_init                                 0x08002b9d   Thumb Code    80  hci_tl.o(i.hci_init)
    hci_le_read_local_version                0x08002bf9   Thumb Code   124  hci_le.o(i.hci_le_read_local_version)
    hci_le_set_scan_resp_data                0x08002c75   Thumb Code    96  hci_le.o(i.hci_le_set_scan_resp_data)
    hci_notify_asynch_evt                    0x08002cd5   Thumb Code    88  hci_tl.o(i.hci_notify_asynch_evt)
    hci_register_io_bus                      0x08002d35   Thumb Code    24  hci_tl.o(i.hci_register_io_bus)
    hci_reset                                0x08002d51   Thumb Code    54  hci_le.o(i.hci_reset)
    hci_send_req                             0x08002d89   Thumb Code   382  hci_tl.o(i.hci_send_req)
    hci_tl_lowlevel_init                     0x08002f11   Thumb Code    74  hci_tl_interface.o(i.hci_tl_lowlevel_init)
    hci_tl_lowlevel_isr                      0x08002f7d   Thumb Code    26  hci_tl_interface.o(i.hci_tl_lowlevel_isr)
    hci_user_evt_proc                        0x08002f9d   Thumb Code    50  hci_tl.o(i.hci_user_evt_proc)
    list_get_size                            0x08002fd9   Thumb Code    28  ble_list.o(i.list_get_size)
    list_init_head                           0x08002ff5   Thumb Code     6  ble_list.o(i.list_init_head)
    list_insert_head                         0x08002ffb   Thumb Code    24  ble_list.o(i.list_insert_head)
    list_insert_tail                         0x08003013   Thumb Code    24  ble_list.o(i.list_insert_tail)
    list_is_empty                            0x0800302b   Thumb Code    24  ble_list.o(i.list_is_empty)
    list_remove_head                         0x08003043   Thumb Code    36  ble_list.o(i.list_remove_head)
    list_remove_node                         0x08003067   Thumb Code    22  ble_list.o(i.list_remove_node)
    list_remove_tail                         0x0800307d   Thumb Code    36  ble_list.o(i.list_remove_tail)
    main                                     0x080030a1   Thumb Code    22  main.o(i.main)
    receiveData                              0x080030dd   Thumb Code    32  sample_service.o(i.receiveData)
    sendData                                 0x08003101   Thumb Code    52  sample_service.o(i.sendData)
    startReadRXCharHandle                    0x0800313d   Thumb Code    50  sample_service.o(i.startReadRXCharHandle)
    startReadTXCharHandle                    0x08003185   Thumb Code    50  sample_service.o(i.startReadTXCharHandle)
    user_notify                              0x080031cd   Thumb Code   196  sample_service.o(i.user_notify)
    AHBPrescTable                            0x080032d8   Data          16  system_stm32f4xx.o(.constdata)
    APBPrescTable                            0x080032e8   Data           8  system_stm32f4xx.o(.constdata)
    Region$$Table$$Base                      0x080032f0   Number         0  anon$$obj.o(Region$$Table)
    Region$$Table$$Limit                     0x08003310   Number         0  anon$$obj.o(Region$$Table)
    hexti0                                   0x20000000   Data           8  hci_tl_interface.o(.data)
    bnrg_expansion_board                     0x20000008   Data           1  app_x-cube-ble1.o(.data)
    BLE_Role                                 0x20000009   Data           1  app_x-cube-ble1.o(.data)
    user_button_init_state                   0x2000000a   Data           1  app_x-cube-ble1.o(.data)
    set_connectable                          0x2000000c   Data           1  sample_service.o(.data)
    notification_enabled                     0x2000000d   Data           1  sample_service.o(.data)
    start_read_tx_char_handle                0x2000000e   Data           1  sample_service.o(.data)
    start_read_rx_char_handle                0x2000000f   Data           1  sample_service.o(.data)
    end_read_tx_char_handle                  0x20000010   Data           1  sample_service.o(.data)
    end_read_rx_char_handle                  0x20000011   Data           1  sample_service.o(.data)
    connection_handle                        0x20000012   Data           2  sample_service.o(.data)
    tx_handle                                0x20000014   Data           2  sample_service.o(.data)
    rx_handle                                0x20000016   Data           2  sample_service.o(.data)
    sampleServHandle                         0x20000018   Data           2  sample_service.o(.data)
    TXCharHandle                             0x2000001a   Data           2  sample_service.o(.data)
    RXCharHandle                             0x2000001c   Data           2  sample_service.o(.data)
    connected                                0x20000020   Data           4  sample_service.o(.data)
    COM_USART                                0x20000030   Data           4  stm32f4_nucleo_f401re.o(.data)
    hExtiButtonHandle                        0x2000003c   Data           4  stm32f4_nucleo_f401re.o(.data)
    hexti13                                  0x20000040   Data           8  stm32f4_nucleo_f401re.o(.data)
    uwTickFreq                               0x20000048   Data           1  stm32f4xx_hal.o(.data)
    uwTickPrio                               0x2000004c   Data           4  stm32f4xx_hal.o(.data)
    uwTick                                   0x20000050   Data           4  stm32f4xx_hal.o(.data)
    SystemCoreClock                          0x20000054   Data           4  system_stm32f4xx.o(.data)
    hciReadPktPool                           0x20000058   Data           8  hci_tl.o(.data)
    hciReadPktRxQueue                        0x20000060   Data           8  hci_tl.o(.data)
    __stdout                                 0x20000068   Data           4  stdout.o(.data)
    hspi1                                    0x2000016c   Data          88  nucleo_f401re_bus.o(.bss)
    hComHandle                               0x200001c4   Data          64  stm32f4_nucleo_f401re.o(.bss)
    __initial_sp                             0x200008e0   Data           0  startup_stm32f401xe.o(STACK)



==============================================================================

Memory Map of the image

  Image Entry point : 0x08000195

  Load Region LR_IROM1 (Base: 0x08000000, Size: 0x0000337c, Max: 0x00080000, ABSOLUTE)

    Execution Region ER_IROM1 (Exec base: 0x08000000, Load base: 0x08000000, Size: 0x00003310, Max: 0x00080000, ABSOLUTE)

    Exec Addr    Load Addr    Size         Type   Attr      Idx    E Section Name        Object

    0x08000000   0x08000000   0x00000194   Data   RO            3    RESET               startup_stm32f401xe.o
    0x08000194   0x08000194   0x00000000   Code   RO         3711  * .ARM.Collect$$$$00000000  mc_w.l(entry.o)
    0x08000194   0x08000194   0x00000004   Code   RO         3983    .ARM.Collect$$$$00000001  mc_w.l(entry2.o)
    0x08000198   0x08000198   0x00000004   Code   RO         3986    .ARM.Collect$$$$00000004  mc_w.l(entry5.o)
    0x0800019c   0x0800019c   0x00000000   Code   RO         3988    .ARM.Collect$$$$00000008  mc_w.l(entry7b.o)
    0x0800019c   0x0800019c   0x00000000   Code   RO         3990    .ARM.Collect$$$$0000000A  mc_w.l(entry8b.o)
    0x0800019c   0x0800019c   0x00000008   Code   RO         3991    .ARM.Collect$$$$0000000B  mc_w.l(entry9a.o)
    0x080001a4   0x080001a4   0x00000000   Code   RO         3993    .ARM.Collect$$$$0000000D  mc_w.l(entry10a.o)
    0x080001a4   0x080001a4   0x00000000   Code   RO         3995    .ARM.Collect$$$$0000000F  mc_w.l(entry11a.o)
    0x080001a4   0x080001a4   0x00000004   Code   RO         3984    .ARM.Collect$$$$00002712  mc_w.l(entry2.o)
    0x080001a8   0x080001a8   0x00000024   Code   RO            4    .text               startup_stm32f401xe.o
    0x080001cc   0x080001cc   0x00000062   Code   RO         3714    .text               mc_w.l(uldiv.o)
    0x0800022e   0x0800022e   0x00000024   Code   RO         3716    .text               mc_w.l(memcpya.o)
    0x08000252   0x08000252   0x00000024   Code   RO         3718    .text               mc_w.l(memseta.o)
    0x08000276   0x08000276   0x0000001e   Code   RO         4000    .text               mc_w.l(llshl.o)
    0x08000294   0x08000294   0x00000020   Code   RO         4002    .text               mc_w.l(llushr.o)
    0x080002b4   0x080002b4   0x00000024   Code   RO         4015    .text               mc_w.l(init.o)
    0x080002d8   0x080002d8   0x000000b8   Code   RO          369    i.Add_Sample_Service  sample_service.o
    0x08000390   0x08000390   0x0000002c   Code   RO          370    i.Attribute_Modified_CB  sample_service.o
    0x080003bc   0x080003bc   0x00000050   Code   RO          528    i.BSP_COM_Init      stm32f4_nucleo_f401re.o
    0x0800040c   0x0800040c   0x00000004   Code   RO          461    i.BSP_GetTick       nucleo_f401re_bus.o
    0x08000410   0x08000410   0x00000058   Code   RO          533    i.BSP_LED_Init      stm32f4_nucleo_f401re.o
    0x08000468   0x08000468   0x00000020   Code   RO          534    i.BSP_LED_Off       stm32f4_nucleo_f401re.o
    0x08000488   0x08000488   0x00000020   Code   RO          535    i.BSP_LED_On        stm32f4_nucleo_f401re.o
    0x080004a8   0x080004a8   0x00000020   Code   RO          536    i.BSP_LED_Toggle    stm32f4_nucleo_f401re.o
    0x080004c8   0x080004c8   0x00000002   Code   RO          537    i.BSP_PB_Callback   stm32f4_nucleo_f401re.o
    0x080004ca   0x080004ca   0x00000002   PAD
    0x080004cc   0x080004cc   0x00000018   Code   RO          539    i.BSP_PB_GetState   stm32f4_nucleo_f401re.o
    0x080004e4   0x080004e4   0x000000ac   Code   RO          540    i.BSP_PB_Init       stm32f4_nucleo_f401re.o
    0x08000590   0x08000590   0x0000007c   Code   RO          463    i.BSP_SPI1_Init     nucleo_f401re_bus.o
    0x0800060c   0x0800060c   0x00000028   Code   RO          466    i.BSP_SPI1_SendRecv  nucleo_f401re_bus.o
    0x08000634   0x08000634   0x0000000a   Code   RO          541    i.BUTTON_KEY_EXTI_Callback  stm32f4_nucleo_f401re.o
    0x0800063e   0x0800063e   0x00000002   Code   RO          655    i.BusFault_Handler  stm32f4xx_it.o
    0x08000640   0x08000640   0x00000002   Code   RO          656    i.DebugMon_Handler  stm32f4xx_it.o
    0x08000642   0x08000642   0x00000002   PAD
    0x08000644   0x08000644   0x0000000c   Code   RO          657    i.EXTI0_IRQHandler  stm32f4xx_it.o
    0x08000650   0x08000650   0x0000005c   Code   RO          371    i.GAP_ConnectionComplete_CB  sample_service.o
    0x080006ac   0x080006ac   0x00000034   Code   RO          372    i.GAP_DisconnectionComplete_CB  sample_service.o
    0x080006e0   0x080006e0   0x00000018   Code   RO          373    i.GATT_Notification_CB  sample_service.o
    0x080006f8   0x080006f8   0x00000024   Code   RO         2366    i.HAL_Delay         stm32f4xx_hal.o
    0x0800071c   0x0800071c   0x0000000c   Code   RO          242    i.HAL_EXTI_GetHandle  stm32f4xx_hal_exti.o
    0x08000728   0x08000728   0x00000024   Code   RO          243    i.HAL_EXTI_IRQHandler  stm32f4xx_hal_exti.o
    0x0800074c   0x0800074c   0x0000000e   Code   RO          244    i.HAL_EXTI_RegisterCallback  stm32f4xx_hal_exti.o
    0x0800075a   0x0800075a   0x00000002   PAD
    0x0800075c   0x0800075c   0x00000110   Code   RO         1813    i.HAL_GPIO_DeInit   stm32f4xx_hal_gpio.o
    0x0800086c   0x0800086c   0x00000188   Code   RO         1816    i.HAL_GPIO_Init     stm32f4xx_hal_gpio.o
    0x080009f4   0x080009f4   0x0000000a   Code   RO         1818    i.HAL_GPIO_ReadPin  stm32f4xx_hal_gpio.o
    0x080009fe   0x080009fe   0x00000008   Code   RO         1819    i.HAL_GPIO_TogglePin  stm32f4xx_hal_gpio.o
    0x08000a06   0x08000a06   0x0000000a   Code   RO         1820    i.HAL_GPIO_WritePin  stm32f4xx_hal_gpio.o
    0x08000a10   0x08000a10   0x0000000c   Code   RO         2372    i.HAL_GetTick       stm32f4xx_hal.o
    0x08000a1c   0x08000a1c   0x00000010   Code   RO         2376    i.HAL_IncTick       stm32f4xx_hal.o
    0x08000a2c   0x08000a2c   0x00000034   Code   RO         2377    i.HAL_Init          stm32f4xx_hal.o
    0x08000a60   0x08000a60   0x00000040   Code   RO         2378    i.HAL_InitTick      stm32f4xx_hal.o
    0x08000aa0   0x08000aa0   0x00000034   Code   RO          734    i.HAL_MspInit       stm32f4xx_hal_msp.o
    0x08000ad4   0x08000ad4   0x00000016   Code   RO         2229    i.HAL_NVIC_EnableIRQ  stm32f4xx_hal_cortex.o
    0x08000aea   0x08000aea   0x00000002   PAD
    0x08000aec   0x08000aec   0x00000040   Code   RO         2235    i.HAL_NVIC_SetPriority  stm32f4xx_hal_cortex.o
    0x08000b2c   0x08000b2c   0x00000024   Code   RO         2236    i.HAL_NVIC_SetPriorityGrouping  stm32f4xx_hal_cortex.o
    0x08000b50   0x08000b50   0x00000130   Code   RO         1438    i.HAL_RCC_ClockConfig  stm32f4xx_hal_rcc.o
    0x08000c80   0x08000c80   0x00000020   Code   RO         1445    i.HAL_RCC_GetPCLK1Freq  stm32f4xx_hal_rcc.o
    0x08000ca0   0x08000ca0   0x00000020   Code   RO         1446    i.HAL_RCC_GetPCLK2Freq  stm32f4xx_hal_rcc.o
    0x08000cc0   0x08000cc0   0x00000060   Code   RO         1447    i.HAL_RCC_GetSysClockFreq  stm32f4xx_hal_rcc.o
    0x08000d20   0x08000d20   0x0000031c   Code   RO         1450    i.HAL_RCC_OscConfig  stm32f4xx_hal_rcc.o
    0x0800103c   0x0800103c   0x00000006   Code   RO          767    i.HAL_SPI_GetState  stm32f4xx_hal_spi.o
    0x08001042   0x08001042   0x00000080   Code   RO          769    i.HAL_SPI_Init      stm32f4xx_hal_spi.o
    0x080010c2   0x080010c2   0x00000002   Code   RO          771    i.HAL_SPI_MspInit   stm32f4xx_hal_spi.o
    0x080010c4   0x080010c4   0x000001d8   Code   RO          778    i.HAL_SPI_TransmitReceive  stm32f4xx_hal_spi.o
    0x0800129c   0x0800129c   0x00000028   Code   RO         2240    i.HAL_SYSTICK_Config  stm32f4xx_hal_cortex.o
    0x080012c4   0x080012c4   0x00000062   Code   RO         1100    i.HAL_UART_Init     stm32f4xx_hal_uart.o
    0x08001326   0x08001326   0x00000002   Code   RO         1102    i.HAL_UART_MspInit  stm32f4xx_hal_uart.o
    0x08001328   0x08001328   0x000000ba   Code   RO         1108    i.HAL_UART_Transmit  stm32f4xx_hal_uart.o
    0x080013e2   0x080013e2   0x00000002   PAD
    0x080013e4   0x080013e4   0x00000024   Code   RO          154    i.HCI_TL_SPI_DeInit  hci_tl_interface.o
    0x08001408   0x08001408   0x00000064   Code   RO          155    i.HCI_TL_SPI_Init   hci_tl_interface.o
    0x0800146c   0x0800146c   0x00000080   Code   RO          156    i.HCI_TL_SPI_Receive  hci_tl_interface.o
    0x080014ec   0x080014ec   0x00000030   Code   RO          157    i.HCI_TL_SPI_Reset  hci_tl_interface.o
    0x0800151c   0x0800151c   0x00000094   Code   RO          158    i.HCI_TL_SPI_Send   hci_tl_interface.o
    0x080015b0   0x080015b0   0x00000002   Code   RO          658    i.HardFault_Handler  stm32f4xx_it.o
    0x080015b2   0x080015b2   0x00000002   PAD
    0x080015b4   0x080015b4   0x000000b0   Code   RO           14    i.MX_GPIO_Init      main.o
    0x08001664   0x08001664   0x0000003c   Code   RO          467    i.MX_SPI1_Init      nucleo_f401re_bus.o
    0x080016a0   0x080016a0   0x0000002c   Code   RO          542    i.MX_USART2_UART_Init  stm32f4_nucleo_f401re.o
    0x080016cc   0x080016cc   0x00000244   Code   RO          278    i.MX_X_CUBE_BLE1_Init  app_x-cube-ble1.o
    0x08001910   0x08001910   0x0000000e   Code   RO          279    i.MX_X_CUBE_BLE1_Process  app_x-cube-ble1.o
    0x0800191e   0x0800191e   0x00000002   PAD
    0x08001920   0x08001920   0x000000ec   Code   RO          374    i.Make_Connection   sample_service.o
    0x08001a0c   0x08001a0c   0x00000002   Code   RO          659    i.MemManage_Handler  stm32f4xx_it.o
    0x08001a0e   0x08001a0e   0x00000002   Code   RO          660    i.NMI_Handler       stm32f4xx_it.o
    0x08001a10   0x08001a10   0x00000020   Code   RO         2242    i.NVIC_SetPriority  stm32f4xx_hal_cortex.o
    0x08001a30   0x08001a30   0x00000002   Code   RO          661    i.PendSV_Handler    stm32f4xx_it.o
    0x08001a32   0x08001a32   0x00000020   Code   RO          793    i.SPI_CheckFlag_BSY  stm32f4xx_hal_spi.o
    0x08001a52   0x08001a52   0x00000096   Code   RO          811    i.SPI_WaitFlagStateUntilTimeout  stm32f4xx_hal_spi.o
    0x08001ae8   0x08001ae8   0x00000002   Code   RO          662    i.SVC_Handler       stm32f4xx_it.o
    0x08001aea   0x08001aea   0x00000004   Code   RO          663    i.SysTick_Handler   stm32f4xx_it.o
    0x08001aee   0x08001aee   0x00000002   PAD
    0x08001af0   0x08001af0   0x00000088   Code   RO           15    i.SystemClock_Config  main.o
    0x08001b78   0x08001b78   0x00000054   Code   RO         2531    i.SystemInit        system_stm32f4xx.o
    0x08001bcc   0x08001bcc   0x000002ac   Code   RO         1126    i.UART_SetConfig    stm32f4xx_hal_uart.o
    0x08001e78   0x08001e78   0x00000064   Code   RO         1128    i.UART_WaitOnFlagUntilTimeout  stm32f4xx_hal_uart.o
    0x08001edc   0x08001edc   0x00000002   Code   RO          664    i.UsageFault_Handler  stm32f4xx_it.o
    0x08001ede   0x08001ede   0x00000002   PAD
    0x08001ee0   0x08001ee0   0x000000dc   Code   RO          280    i.User_Process      app_x-cube-ble1.o
    0x08001fbc   0x08001fbc   0x00000020   Code   RO         3929    i.__0printf$8       mc_w.l(printf8.o)
    0x08001fdc   0x08001fdc   0x0000000e   Code   RO         4023    i.__scatterload_copy  mc_w.l(handlers.o)
    0x08001fea   0x08001fea   0x00000002   Code   RO         4024    i.__scatterload_null  mc_w.l(handlers.o)
    0x08001fec   0x08001fec   0x0000000e   Code   RO         4025    i.__scatterload_zeroinit  mc_w.l(handlers.o)
    0x08001ffa   0x08001ffa   0x00000002   PAD
    0x08001ffc   0x08001ffc   0x00000410   Code   RO         3936    i._printf_core      mc_w.l(printf8.o)
    0x0800240c   0x0800240c   0x00000024   Code   RO         3937    i._printf_post_padding  mc_w.l(printf8.o)
    0x08002430   0x08002430   0x0000002e   Code   RO         3938    i._printf_pre_padding  mc_w.l(printf8.o)
    0x0800245e   0x0800245e   0x00000084   Code   RO         2573    i.aci_gap_create_connection  bluenrg_gap_aci.o
    0x080024e2   0x080024e2   0x00000068   Code   RO         2577    i.aci_gap_init_IDB04A1  bluenrg_gap_aci.o
    0x0800254a   0x0800254a   0x00000070   Code   RO         2578    i.aci_gap_init_IDB05A1  bluenrg_gap_aci.o
    0x080025ba   0x080025ba   0x00000074   Code   RO         2584    i.aci_gap_set_auth_requirement  bluenrg_gap_aci.o
    0x0800262e   0x0800262e   0x000000cc   Code   RO         2589    i.aci_gap_set_discoverable  bluenrg_gap_aci.o
    0x080026fa   0x080026fa   0x000000b6   Code   RO         2844    i.aci_gatt_add_char  bluenrg_gatt_aci.o
    0x080027b0   0x080027b0   0x0000007c   Code   RO         2846    i.aci_gatt_add_serv  bluenrg_gatt_aci.o
    0x0800282c   0x0800282c   0x00000088   Code   RO         2855    i.aci_gatt_disc_charac_by_uuid  bluenrg_gatt_aci.o
    0x080028b4   0x080028b4   0x0000003a   Code   RO         2860    i.aci_gatt_init     bluenrg_gatt_aci.o
    0x080028ee   0x080028ee   0x0000007a   Code   RO         2873    i.aci_gatt_update_char_value  bluenrg_gatt_aci.o
    0x08002968   0x08002968   0x00000078   Code   RO         2875    i.aci_gatt_write_charac_descriptor  bluenrg_gatt_aci.o
    0x080029e0   0x080029e0   0x00000062   Code   RO         2881    i.aci_gatt_write_without_response  bluenrg_gatt_aci.o
    0x08002a42   0x08002a42   0x00000048   Code   RO         3126    i.aci_hal_set_tx_power_level  bluenrg_hal_aci.o
    0x08002a8a   0x08002a8a   0x0000005e   Code   RO         3129    i.aci_hal_write_config_data  bluenrg_hal_aci.o
    0x08002ae8   0x08002ae8   0x00000044   Code   RO          375    i.enableNotification  sample_service.o
    0x08002b2c   0x08002b2c   0x00000024   Code   RO          543    i.fputc             stm32f4_nucleo_f401re.o
    0x08002b50   0x08002b50   0x0000004c   Code   RO         3330    i.getBlueNRGVersion  bluenrg_utils_small.o
    0x08002b9c   0x08002b9c   0x0000005c   Code   RO         3357    i.hci_init          hci_tl.o
    0x08002bf8   0x08002bf8   0x0000007c   Code   RO         3427    i.hci_le_read_local_version  hci_le.o
    0x08002c74   0x08002c74   0x00000060   Code   RO         3438    i.hci_le_set_scan_resp_data  hci_le.o
    0x08002cd4   0x08002cd4   0x00000060   Code   RO         3358    i.hci_notify_asynch_evt  hci_tl.o
    0x08002d34   0x08002d34   0x0000001c   Code   RO         3359    i.hci_register_io_bus  hci_tl.o
    0x08002d50   0x08002d50   0x00000036   Code   RO         3444    i.hci_reset         hci_le.o
    0x08002d86   0x08002d86   0x00000002   PAD
    0x08002d88   0x08002d88   0x00000188   Code   RO         3360    i.hci_send_req      hci_tl.o
    0x08002f10   0x08002f10   0x0000006c   Code   RO          159    i.hci_tl_lowlevel_init  hci_tl_interface.o
    0x08002f7c   0x08002f7c   0x00000020   Code   RO          160    i.hci_tl_lowlevel_isr  hci_tl_interface.o
    0x08002f9c   0x08002f9c   0x0000003c   Code   RO         3361    i.hci_user_evt_proc  hci_tl.o
    0x08002fd8   0x08002fd8   0x0000001c   Code   RO         3620    i.list_get_size     ble_list.o
    0x08002ff4   0x08002ff4   0x00000006   Code   RO         3621    i.list_init_head    ble_list.o
    0x08002ffa   0x08002ffa   0x00000018   Code   RO         3622    i.list_insert_head  ble_list.o
    0x08003012   0x08003012   0x00000018   Code   RO         3625    i.list_insert_tail  ble_list.o
    0x0800302a   0x0800302a   0x00000018   Code   RO         3626    i.list_is_empty     ble_list.o
    0x08003042   0x08003042   0x00000024   Code   RO         3627    i.list_remove_head  ble_list.o
    0x08003066   0x08003066   0x00000016   Code   RO         3628    i.list_remove_node  ble_list.o
    0x0800307c   0x0800307c   0x00000024   Code   RO         3629    i.list_remove_tail  ble_list.o
    0x080030a0   0x080030a0   0x00000016   Code   RO           16    i.main              main.o
    0x080030b6   0x080030b6   0x00000024   Code   RO         3362    i.move_list         hci_tl.o
    0x080030da   0x080030da   0x00000002   PAD
    0x080030dc   0x080030dc   0x00000024   Code   RO          376    i.receiveData       sample_service.o
    0x08003100   0x08003100   0x0000003c   Code   RO          377    i.sendData          sample_service.o
    0x0800313c   0x0800313c   0x00000048   Code   RO          378    i.startReadRXCharHandle  sample_service.o
    0x08003184   0x08003184   0x00000048   Code   RO          379    i.startReadTXCharHandle  sample_service.o
    0x080031cc   0x080031cc   0x00000100   Code   RO          380    i.user_notify       sample_service.o
    0x080032cc   0x080032cc   0x0000000c   Data   RO          545    .constdata          stm32f4_nucleo_f401re.o
    0x080032d8   0x080032d8   0x00000010   Data   RO         2532    .constdata          system_stm32f4xx.o
    0x080032e8   0x080032e8   0x00000008   Data   RO         2533    .constdata          system_stm32f4xx.o
    0x080032f0   0x080032f0   0x00000020   Data   RO         4021    Region$$Table       anon$$obj.o


    Execution Region RW_IRAM1 (Exec base: 0x20000000, Load base: 0x08003310, Size: 0x000008e0, Max: 0x00018000, ABSOLUTE)

    Exec Addr    Load Addr    Size         Type   Attr      Idx    E Section Name        Object

    0x20000000   0x08003310   0x00000008   Data   RW          162    .data               hci_tl_interface.o
    0x20000008   0x08003318   0x00000003   Data   RW          281    .data               app_x-cube-ble1.o
    0x2000000b   0x0800331b   0x00000001   PAD
    0x2000000c   0x0800331c   0x00000018   Data   RW          381    .data               sample_service.o
    0x20000024   0x08003334   0x00000024   Data   RW          547    .data               stm32f4_nucleo_f401re.o
    0x20000048   0x08003358   0x0000000c   Data   RW         2384    .data               stm32f4xx_hal.o
    0x20000054   0x08003364   0x00000004   Data   RW         2534    .data               system_stm32f4xx.o
    0x20000058   0x08003368   0x00000010   Data   RW         3364    .data               hci_tl.o
    0x20000068   0x08003378   0x00000004   Data   RW         3997    .data               mc_w.l(stdout.o)
    0x2000006c        -       0x000000ff   Zero   RW          161    .bss                hci_tl_interface.o
    0x2000016b   0x0800337c   0x00000001   PAD
    0x2000016c        -       0x00000058   Zero   RW          468    .bss                nucleo_f401re_bus.o
    0x200001c4        -       0x00000040   Zero   RW          544    .bss                stm32f4_nucleo_f401re.o
    0x20000204        -       0x000002dc   Zero   RW         3363    .bss                hci_tl.o
    0x200004e0        -       0x00000400   Zero   RW            1    STACK               startup_stm32f401xe.o


==============================================================================

Image component sizes


      Code (inc. data)   RO Data    RW Data    ZI Data      Debug   Object Name

       814        316          0          3          0      43983   app_x-cube-ble1.o
       200          0          0          0          0      10888   ble_list.o
       668          0          0          0          0       6176   bluenrg_gap_aci.o
       840          0          0          0          0       8173   bluenrg_gatt_aci.o
       166          0          0          0          0       2497   bluenrg_hal_aci.o
        76          0          0          0          0       1504   bluenrg_utils_small.o
       274          0          0          0          0       3184   hci_le.o
       704         44          0         16        732       6515   hci_tl.o
       600         90          0          8        255       7730   hci_tl_interface.o
       334         26          0          0          0     395076   main.o
       228         32          0          0         88       3313   nucleo_f401re_bus.o
      1196        346          0         24          0      10659   sample_service.o
        36          8        404          0       1024        860   startup_stm32f401xe.o
       552         90         12         36         64       8480   stm32f4_nucleo_f401re.o
       180         28          0         12          0       4737   stm32f4xx_hal.o
       194         14          0          0          0      30535   stm32f4xx_hal_cortex.o
        62          6          0          0          0       2331   stm32f4xx_hal_exti.o
       692         62          0          0          0       4726   stm32f4xx_hal_gpio.o
        52          4          0          0          0        882   stm32f4xx_hal_msp.o
      1260         76          0          0          0       5284   stm32f4xx_hal_rcc.o
       790          0          0          0          0       5694   stm32f4xx_hal_spi.o
      1070          8          0          0          0       4803   stm32f4xx_hal_uart.o
        32          6          0          0          0       4777   stm32f4xx_it.o
        84         18         24          4          0       1227   system_stm32f4xx.o

    ----------------------------------------------------------------------
     11126       1174        472        104       2164     574034   Object Totals
         0          0         32          0          0          0   (incl. Generated)
        22          0          0          1          1          0   (incl. Padding)

    ----------------------------------------------------------------------

      Code (inc. data)   RO Data    RW Data    ZI Data      Debug   Library Member Name

         0          0          0          0          0          0   entry.o
         0          0          0          0          0          0   entry10a.o
         0          0          0          0          0          0   entry11a.o
         8          4          0          0          0          0   entry2.o
         4          0          0          0          0          0   entry5.o
         0          0          0          0          0          0   entry7b.o
         0          0          0          0          0          0   entry8b.o
         8          4          0          0          0          0   entry9a.o
        30          0          0          0          0          0   handlers.o
        36          8          0          0          0         68   init.o
        30          0          0          0          0         68   llshl.o
        32          0          0          0          0         68   llushr.o
        36          0          0          0          0         68   memcpya.o
        36          0          0          0          0        108   memseta.o
      1154         54          0          0          0        352   printf8.o
         0          0          0          4          0          0   stdout.o
        98          0          0          0          0         92   uldiv.o

    ----------------------------------------------------------------------
      1474         70          0          4          0        824   Library Totals
         2          0          0          0          0          0   (incl. Padding)

    ----------------------------------------------------------------------

      Code (inc. data)   RO Data    RW Data    ZI Data      Debug   Library Name

      1472         70          0          4          0        824   mc_w.l

    ----------------------------------------------------------------------
      1474         70          0          4          0        824   Library Totals

    ----------------------------------------------------------------------

==============================================================================


      Code (inc. data)   RO Data    RW Data    ZI Data      Debug   

     12600       1244        472        108       2164     563598   Grand Totals
     12600       1244        472        108       2164     563598   ELF Image Totals
     12600       1244        472        108          0          0   ROM Totals

==============================================================================

    Total RO  Size (Code + RO Data)                13072 (  12.77kB)
    Total RW  Size (RW Data + ZI Data)              2272 (   2.22kB)
    Total ROM Size (Code + RO Data + RW Data)      13180 (  12.87kB)

==============================================================================

